Archive member included to satisfy reference by file (symbol)

c:/st/stm32cubeide_1.5.1/stm32cubeide/plugins/com.st.stm32cube.ide.mcu.externaltools.gnu-tools-for-stm32.7-2018-q2-update.win32_1.5.0.202011040924/tools/bin/../lib/gcc/arm-none-eabi/7.3.1/../../../../arm-none-eabi/lib/thumb/v7-m\libc_nano.a(lib_a-errno.o)
                              Core/Src/syscalls.o (__errno)
c:/st/stm32cubeide_1.5.1/stm32cubeide/plugins/com.st.stm32cube.ide.mcu.externaltools.gnu-tools-for-stm32.7-2018-q2-update.win32_1.5.0.202011040924/tools/bin/../lib/gcc/arm-none-eabi/7.3.1/../../../../arm-none-eabi/lib/thumb/v7-m\libc_nano.a(lib_a-exit.o)
                              c:/st/stm32cubeide_1.5.1/stm32cubeide/plugins/com.st.stm32cube.ide.mcu.externaltools.gnu-tools-for-stm32.7-2018-q2-update.win32_1.5.0.202011040924/tools/bin/../lib/gcc/arm-none-eabi/7.3.1/../../../../arm-none-eabi/lib/thumb/v7-m/crt0.o (exit)
c:/st/stm32cubeide_1.5.1/stm32cubeide/plugins/com.st.stm32cube.ide.mcu.externaltools.gnu-tools-for-stm32.7-2018-q2-update.win32_1.5.0.202011040924/tools/bin/../lib/gcc/arm-none-eabi/7.3.1/../../../../arm-none-eabi/lib/thumb/v7-m\libc_nano.a(lib_a-impure.o)
                              c:/st/stm32cubeide_1.5.1/stm32cubeide/plugins/com.st.stm32cube.ide.mcu.externaltools.gnu-tools-for-stm32.7-2018-q2-update.win32_1.5.0.202011040924/tools/bin/../lib/gcc/arm-none-eabi/7.3.1/../../../../arm-none-eabi/lib/thumb/v7-m\libc_nano.a(lib_a-exit.o) (_global_impure_ptr)
c:/st/stm32cubeide_1.5.1/stm32cubeide/plugins/com.st.stm32cube.ide.mcu.externaltools.gnu-tools-for-stm32.7-2018-q2-update.win32_1.5.0.202011040924/tools/bin/../lib/gcc/arm-none-eabi/7.3.1/../../../../arm-none-eabi/lib/thumb/v7-m\libc_nano.a(lib_a-init.o)
                              c:/st/stm32cubeide_1.5.1/stm32cubeide/plugins/com.st.stm32cube.ide.mcu.externaltools.gnu-tools-for-stm32.7-2018-q2-update.win32_1.5.0.202011040924/tools/bin/../lib/gcc/arm-none-eabi/7.3.1/../../../../arm-none-eabi/lib/thumb/v7-m/crt0.o (__libc_init_array)
c:/st/stm32cubeide_1.5.1/stm32cubeide/plugins/com.st.stm32cube.ide.mcu.externaltools.gnu-tools-for-stm32.7-2018-q2-update.win32_1.5.0.202011040924/tools/bin/../lib/gcc/arm-none-eabi/7.3.1/../../../../arm-none-eabi/lib/thumb/v7-m\libc_nano.a(lib_a-memcpy-stub.o)
                              USB_DEVICE/App/usbd_cdc_if.o (memcpy)
c:/st/stm32cubeide_1.5.1/stm32cubeide/plugins/com.st.stm32cube.ide.mcu.externaltools.gnu-tools-for-stm32.7-2018-q2-update.win32_1.5.0.202011040924/tools/bin/../lib/gcc/arm-none-eabi/7.3.1/../../../../arm-none-eabi/lib/thumb/v7-m\libc_nano.a(lib_a-memset.o)
                              c:/st/stm32cubeide_1.5.1/stm32cubeide/plugins/com.st.stm32cube.ide.mcu.externaltools.gnu-tools-for-stm32.7-2018-q2-update.win32_1.5.0.202011040924/tools/bin/../lib/gcc/arm-none-eabi/7.3.1/../../../../arm-none-eabi/lib/thumb/v7-m/crt0.o (memset)
c:/st/stm32cubeide_1.5.1/stm32cubeide/plugins/com.st.stm32cube.ide.mcu.externaltools.gnu-tools-for-stm32.7-2018-q2-update.win32_1.5.0.202011040924/tools/bin/../lib/gcc/arm-none-eabi/7.3.1/../../../../arm-none-eabi/lib/thumb/v7-m\libc_nano.a(lib_a-sprintf.o)
                              Core/Src/main.o (sprintf)
c:/st/stm32cubeide_1.5.1/stm32cubeide/plugins/com.st.stm32cube.ide.mcu.externaltools.gnu-tools-for-stm32.7-2018-q2-update.win32_1.5.0.202011040924/tools/bin/../lib/gcc/arm-none-eabi/7.3.1/../../../../arm-none-eabi/lib/thumb/v7-m\libc_nano.a(lib_a-strlen.o)
                              Core/Src/main.o (strlen)
c:/st/stm32cubeide_1.5.1/stm32cubeide/plugins/com.st.stm32cube.ide.mcu.externaltools.gnu-tools-for-stm32.7-2018-q2-update.win32_1.5.0.202011040924/tools/bin/../lib/gcc/arm-none-eabi/7.3.1/../../../../arm-none-eabi/lib/thumb/v7-m\libc_nano.a(lib_a-nano-svfprintf.o)
                              c:/st/stm32cubeide_1.5.1/stm32cubeide/plugins/com.st.stm32cube.ide.mcu.externaltools.gnu-tools-for-stm32.7-2018-q2-update.win32_1.5.0.202011040924/tools/bin/../lib/gcc/arm-none-eabi/7.3.1/../../../../arm-none-eabi/lib/thumb/v7-m\libc_nano.a(lib_a-sprintf.o) (_svfprintf_r)
c:/st/stm32cubeide_1.5.1/stm32cubeide/plugins/com.st.stm32cube.ide.mcu.externaltools.gnu-tools-for-stm32.7-2018-q2-update.win32_1.5.0.202011040924/tools/bin/../lib/gcc/arm-none-eabi/7.3.1/../../../../arm-none-eabi/lib/thumb/v7-m\libc_nano.a(lib_a-nano-vfprintf_i.o)
                              c:/st/stm32cubeide_1.5.1/stm32cubeide/plugins/com.st.stm32cube.ide.mcu.externaltools.gnu-tools-for-stm32.7-2018-q2-update.win32_1.5.0.202011040924/tools/bin/../lib/gcc/arm-none-eabi/7.3.1/../../../../arm-none-eabi/lib/thumb/v7-m\libc_nano.a(lib_a-nano-svfprintf.o) (_printf_i)
c:/st/stm32cubeide_1.5.1/stm32cubeide/plugins/com.st.stm32cube.ide.mcu.externaltools.gnu-tools-for-stm32.7-2018-q2-update.win32_1.5.0.202011040924/tools/bin/../lib/gcc/arm-none-eabi/7.3.1/../../../../arm-none-eabi/lib/thumb/v7-m\libc_nano.a(lib_a-memchr-stub.o)
[...]
Memory Configuration

Name             Origin             Length             Attributes
RAM              0x0000000020000000 0x0000000000005000 xrw
FLASH            0x0000000008000000 0x0000000000010000 xr
*default*        0x0000000000000000 0xffffffffffffffff

Linker script and memory map

LOAD c:/st/stm32cubeide_1.5.1/stm32cubeide/plugins/com.st.stm32cube.ide.mcu.externaltools.gnu-tools-for-stm32.7-2018-q2-update.win32_1.5.0.202011040924/tools/bin/../lib/gcc/arm-none-eabi/7.3.1/thumb/v7-m/crti.o
LOAD c:/st/stm32cubeide_1.5.1/stm32cubeide/plugins/com.st.stm32cube.ide.mcu.externaltools.gnu-tools-for-stm32.7-2018-q2-update.win32_1.5.0.202011040924/tools/bin/../lib/gcc/arm-none-eabi/7.3.1/thumb/v7-m/crtbegin.o
LOAD c:/st/stm32cubeide_1.5.1/stm32cubeide/plugins/com.st.stm32cube.ide.mcu.externaltools.gnu-tools-for-stm32.7-2018-q2-update.win32_1.5.0.202011040924/tools/bin/../lib/gcc/arm-none-eabi/7.3.1/../../../../arm-none-eabi/lib/thumb/v7-m/crt0.o
LOAD Core/Src/main.o
LOAD Core/Src/stm32f1xx_hal_msp.o
LOAD Core/Src/stm32f1xx_it.o
LOAD Core/Src/syscalls.o
LOAD Core/Src/sysmem.o
LOAD Core/Src/system_stm32f1xx.o
LOAD Core/Startup/startup_stm32f103c8tx.o
LOAD Drivers/STM32F1xx_HAL_Driver/Src/stm32f1xx_hal.o
LOAD Drivers/STM32F1xx_HAL_Driver/Src/stm32f1xx_hal_adc.o
LOAD Drivers/STM32F1xx_HAL_Driver/Src/stm32f1xx_hal_adc_ex.o
LOAD Drivers/STM32F1xx_HAL_Driver/Src/stm32f1xx_hal_cortex.o
LOAD Drivers/STM32F1xx_HAL_Driver/Src/stm32f1xx_hal_dma.o
LOAD Drivers/STM32F1xx_HAL_Driver/Src/stm32f1xx_hal_exti.o
LOAD Drivers/STM32F1xx_HAL_Driver/Src/stm32f1xx_hal_flash.o
LOAD Drivers/STM32F1xx_HAL_Driver/Src/stm32f1xx_hal_flash_ex.o
LOAD Drivers/STM32F1xx_HAL_Driver/Src/stm32f1xx_hal_gpio.o
LOAD Drivers/STM32F1xx_HAL_Driver/Src/stm32f1xx_hal_gpio_ex.o
LOAD Drivers/STM32F1xx_HAL_Driver/Src/stm32f1xx_hal_pcd.o
LOAD Drivers/STM32F1xx_HAL_Driver/Src/stm32f1xx_hal_pcd_ex.o
LOAD Drivers/STM32F1xx_HAL_Driver/Src/stm32f1xx_hal_pwr.o
LOAD Drivers/STM32F1xx_HAL_Driver/Src/stm32f1xx_hal_rcc.o
LOAD Drivers/STM32F1xx_HAL_Driver/Src/stm32f1xx_hal_rcc_ex.o
LOAD Drivers/STM32F1xx_HAL_Driver/Src/stm32f1xx_hal_tim.o
LOAD Drivers/STM32F1xx_HAL_Driver/Src/stm32f1xx_hal_tim_ex.o
LOAD Drivers/STM32F1xx_HAL_Driver/Src/stm32f1xx_ll_usb.o
LOAD Middlewares/ST/STM32_USB_Device_Library/Class/CDC/Src/usbd_cdc.o
LOAD Middlewares/ST/STM32_USB_Device_Library/Core/Src/usbd_core.o
LOAD Middlewares/ST/STM32_USB_Device_Library/Core/Src/usbd_ctlreq.o
LOAD Middlewares/ST/STM32_USB_Device_Library/Core/Src/usbd_ioreq.o
LOAD USB_DEVICE/App/usb_device.o
LOAD USB_DEVICE/App/usbd_cdc_if.o
LOAD USB_DEVICE/App/usbd_desc.o
LOAD USB_DEVICE/Target/usbd_conf.o
START GROUP
LOAD c:/st/stm32cubeide_1.5.1/stm32cubeide/plugins/com.st.stm32cube.ide.mcu.externaltools.gnu-tools-for-stm32.7-2018-q2-update.win32_1.5.0.202011040924/tools/bin/../lib/gcc/arm-none-eabi/7.3.1/../../../../arm-none-eabi/lib/thumb/v7-m\libc_nano.a
LOAD c:/st/stm32cubeide_1.5.1/stm32cubeide/plugins/com.st.stm32cube.ide.mcu.externaltools.gnu-tools-for-stm32.7-2018-q2-update.win32_1.5.0.202011040924/tools/bin/../lib/gcc/arm-none-eabi/7.3.1/../../../../arm-none-eabi/lib/thumb/v7-m\libm.a
END GROUP
START GROUP
LOAD c:/st/stm32cubeide_1.5.1/stm32cubeide/plugins/com.st.stm32cube.ide.mcu.externaltools.gnu-tools-for-stm32.7-2018-q2-update.win32_1.5.0.202011040924/tools/bin/../lib/gcc/arm-none-eabi/7.3.1/thumb/v7-m\libgcc.a
LOAD c:/st/stm32cubeide_1.5.1/stm32cubeide/plugins/com.st.stm32cube.ide.mcu.externaltools.gnu-tools-for-stm32.7-2018-q2-update.win32_1.5.0.202011040924/tools/bin/../lib/gcc/arm-none-eabi/7.3.1/../../../../arm-none-eabi/lib/thumb/v7-m\libc_nano.a
END GROUP
START GROUP
LOAD c:/st/stm32cubeide_1.5.1/stm32cubeide/plugins/com.st.stm32cube.ide.mcu.externaltools.gnu-tools-for-stm32.7-2018-q2-update.win32_1.5.0.202011040924/tools/bin/../lib/gcc/arm-none-eabi/7.3.1/thumb/v7-m\libgcc.a
LOAD c:/st/stm32cubeide_1.5.1/stm32cubeide/plugins/com.st.stm32cube.ide.mcu.externaltools.gnu-tools-for-stm32.7-2018-q2-update.win32_1.5.0.202011040924/tools/bin/../lib/gcc/arm-none-eabi/7.3.1/../../../../arm-none-eabi/lib/thumb/v7-m\libc_nano.a
LOAD c:/st/stm32cubeide_1.5.1/stm32cubeide/plugins/com.st.stm32cube.ide.mcu.externaltools.gnu-tools-for-stm32.7-2018-q2-update.win32_1.5.0.202011040924/tools/bin/../lib/gcc/arm-none-eabi/7.3.1/../../../../arm-none-eabi/lib/thumb/v7-m\libnosys.a
END GROUP
START GROUP
LOAD c:/st/stm32cubeide_1.5.1/stm32cubeide/plugins/com.st.stm32cube.ide.mcu.externaltools.gnu-tools-for-stm32.7-2018-q2-update.win32_1.5.0.202011040924/tools/bin/../lib/gcc/arm-none-eabi/7.3.1/thumb/v7-m\libgcc.a
LOAD c:/st/stm32cubeide_1.5.1/stm32cubeide/plugins/com.st.stm32cube.ide.mcu.externaltools.gnu-tools-for-stm32.7-2018-q2-update.win32_1.5.0.202011040924/tools/bin/../lib/gcc/arm-none-eabi/7.3.1/../../../../arm-none-eabi/lib/thumb/v7-m\libc_nano.a
LOAD c:/st/stm32cubeide_1.5.1/stm32cubeide/plugins/com.st.stm32cube.ide.mcu.externaltools.gnu-tools-for-stm32.7-2018-q2-update.win32_1.5.0.202011040924/tools/bin/../lib/gcc/arm-none-eabi/7.3.1/../../../../arm-none-eabi/lib/thumb/v7-m\libnosys.a
END GROUP
LOAD c:/st/stm32cubeide_1.5.1/stm32cubeide/plugins/com.st.stm32cube.ide.mcu.externaltools.gnu-tools-for-stm32.7-2018-q2-update.win32_1.5.0.202011040924/tools/bin/../lib/gcc/arm-none-eabi/7.3.1/thumb/v7-m/crtend.o
LOAD c:/st/stm32cubeide_1.5.1/stm32cubeide/plugins/com.st.stm32cube.ide.mcu.externaltools.gnu-tools-for-stm32.7-2018-q2-update.win32_1.5.0.202011040924/tools/bin/../lib/gcc/arm-none-eabi/7.3.1/thumb/v7-m/crtn.o
                0x0000000020005000                _estack = (ORIGIN (RAM) + LENGTH (RAM))
                0x0000000000000200                _Min_Heap_Size = 0x200
                0x0000000000000400                _Min_Stack_Size = 0x400

.isr_vector     0x0000000008000000      0x10c
                0x0000000008000000                . = ALIGN (0x4)
 *(.isr_vector)
 .isr_vector    0x0000000008000000      0x10c Core/Startup/startup_stm32f103c8tx.o
                0x0000000008000000                g_pfnVectors
                0x000000000800010c                . = ALIGN (0x4)

.text           0x000000000800010c     0x7f90
                0x000000000800010c                . = ALIGN (0x4)
 *(.text)
 .text          0x000000000800010c       0x40 c:/st/stm32cubeide_1.5.1/stm32cubeide/plugins/com.st.stm32cube.ide.mcu.externaltools.gnu-tools-for-stm32.7-2018-q2-update.win32_1.5.0.202011040924/tools/bin/../lib/gcc/arm-none-eabi/7.3.1/thumb/v7-m/crtbegin.o
 .text          0x000000000800014c       0x10 c:/st/stm32cubeide_1.5.1/stm32cubeide/plugins/com.st.stm32cube.ide.mcu.externaltools.gnu-tools-for-stm32.7-2018-q2-update.win32_1.5.0.202011040924/tools/bin/../lib/gcc/arm-none-eabi/7.3.1/../../../../arm-none-eabi/lib/thumb/v7-m\libc_nano.a(lib_a-strlen.o)
                0x000000000800014c                strlen
 *(.text*)
 .text.main     0x000000000800015c      0x140 Core/Src/main.o
                0x000000000800015c                main
 .text.SystemClock_Config
                0x000000000800029c       0xba Core/Src/main.o
                0x000000000800029c                SystemClock_Config
 *fill*         0x0000000008000356        0x2 
 .text.MX_ADC1_Init
                0x0000000008000358       0x7c Core/Src/main.o
 .text.MX_GPIO_Init
                0x00000000080003d4       0xc0 Core/Src/main.o
 .text.Error_Handler
                0x0000000008000494        0x8 Core/Src/main.o
                0x0000000008000494                Error_Handler
 .text.HAL_MspInit
                0x000000000800049c       0x64 Core/Src/stm32f1xx_hal_msp.o
                0x000000000800049c                HAL_MspInit
 .text.HAL_ADC_MspInit
                0x0000000008000500       0x78 Core/Src/stm32f1xx_hal_msp.o
                0x0000000008000500                HAL_ADC_MspInit
 .text.NMI_Handler
                0x0000000008000578        0x6 Core/Src/stm32f1xx_it.o
                0x0000000008000578                NMI_Handler
 .text.HardFault_Handler
                0x000000000800057e        0x6 Core/Src/stm32f1xx_it.o
                0x000000000800057e                HardFault_Handler
 .text.MemManage_Handler
                0x0000000008000584        0x6 Core/Src/stm32f1xx_it.o
                0x0000000008000584                MemManage_Handler
 .text.BusFault_Handler
                0x000000000800058a        0x6 Core/Src/stm32f1xx_it.o
                0x000000000800058a                BusFault_Handler
 .text.UsageFault_Handler
                0x0000000008000590        0x6 Core/Src/stm32f1xx_it.o
                0x0000000008000590                UsageFault_Handler
 .text.SVC_Handler
                0x0000000008000596        0xc Core/Src/stm32f1xx_it.o
                0x0000000008000596                SVC_Handler
 .text.DebugMon_Handler
                0x00000000080005a2        0xc Core/Src/stm32f1xx_it.o
                0x00000000080005a2                DebugMon_Handler
 .text.PendSV_Handler
                0x00000000080005ae        0xc Core/Src/stm32f1xx_it.o
                0x00000000080005ae                PendSV_Handler
 .text.SysTick_Handler
                0x00000000080005ba        0xc Core/Src/stm32f1xx_it.o
                0x00000000080005ba                SysTick_Handler
 *fill*         0x00000000080005c6        0x2 
 .text.USB_LP_CAN1_RX0_IRQHandler
                0x00000000080005c8       0x14 Core/Src/stm32f1xx_it.o
                0x00000000080005c8                USB_LP_CAN1_RX0_IRQHandler
 .text._sbrk    0x00000000080005dc       0x6c Core/Src/sysmem.o
                0x00000000080005dc                _sbrk
 .text.SystemInit
                0x0000000008000648        0xc Core/Src/system_stm32f1xx.o
                0x0000000008000648                SystemInit
 .text.Reset_Handler
                0x0000000008000654       0x48 Core/Startup/startup_stm32f103c8tx.o
                0x0000000008000654                Reset_Handler
 .text.Default_Handler
                0x000000000800069c        0x2 Core/Startup/startup_stm32f103c8tx.o
                0x000000000800069c                RTC_Alarm_IRQHandler
                0x000000000800069c                EXTI2_IRQHandler
                0x000000000800069c                TIM1_CC_IRQHandler
                0x000000000800069c                PVD_IRQHandler
                0x000000000800069c                EXTI3_IRQHandler
                0x000000000800069c                EXTI0_IRQHandler
                0x000000000800069c                I2C2_EV_IRQHandler
                0x000000000800069c                ADC1_2_IRQHandler
                0x000000000800069c                SPI1_IRQHandler
                0x000000000800069c                TAMPER_IRQHandler
                0x000000000800069c                DMA1_Channel4_IRQHandler
                0x000000000800069c                USART3_IRQHandler
                0x000000000800069c                RTC_IRQHandler
                0x000000000800069c                DMA1_Channel7_IRQHandler
                0x000000000800069c                CAN1_RX1_IRQHandler
                0x000000000800069c                TIM4_IRQHandler
                0x000000000800069c                I2C1_EV_IRQHandler
                0x000000000800069c                DMA1_Channel6_IRQHandler
                0x000000000800069c                TIM3_IRQHandler
                0x000000000800069c                RCC_IRQHandler
                0x000000000800069c                TIM1_TRG_COM_IRQHandler
                0x000000000800069c                DMA1_Channel1_IRQHandler
                0x000000000800069c                Default_Handler
                0x000000000800069c                EXTI15_10_IRQHandler
                0x000000000800069c                EXTI9_5_IRQHandler
                0x000000000800069c                SPI2_IRQHandler
                0x000000000800069c                DMA1_Channel5_IRQHandler
                0x000000000800069c                EXTI4_IRQHandler
                0x000000000800069c                USB_HP_CAN1_TX_IRQHandler
                0x000000000800069c                DMA1_Channel3_IRQHandler
                0x000000000800069c                TIM1_UP_IRQHandler
                0x000000000800069c                WWDG_IRQHandler
                0x000000000800069c                TIM2_IRQHandler
                0x000000000800069c                TIM1_BRK_IRQHandler
                0x000000000800069c                EXTI1_IRQHandler
                0x000000000800069c                USART2_IRQHandler
                0x000000000800069c                I2C2_ER_IRQHandler
                0x000000000800069c                DMA1_Channel2_IRQHandler
                0x000000000800069c                CAN1_SCE_IRQHandler
                0x000000000800069c                FLASH_IRQHandler
                0x000000000800069c                USART1_IRQHandler
                0x000000000800069c                I2C1_ER_IRQHandler
                0x000000000800069c                USBWakeUp_IRQHandler
 *fill*         0x000000000800069e        0x2 
 .text.HAL_Init
                0x00000000080006a0       0x2c Drivers/STM32F1xx_HAL_Driver/Src/stm32f1xx_hal.o
                0x00000000080006a0                HAL_Init
 .text.HAL_InitTick
                0x00000000080006cc       0x60 Drivers/STM32F1xx_HAL_Driver/Src/stm32f1xx_hal.o
                0x00000000080006cc                HAL_InitTick
 .text.HAL_IncTick
                0x000000000800072c       0x24 Drivers/STM32F1xx_HAL_Driver/Src/stm32f1xx_hal.o
                0x000000000800072c                HAL_IncTick
 .text.HAL_GetTick
                0x0000000008000750       0x14 Drivers/STM32F1xx_HAL_Driver/Src/stm32f1xx_hal.o
                0x0000000008000750                HAL_GetTick
 .text.HAL_ADC_Init
                0x0000000008000764      0x1b0 Drivers/STM32F1xx_HAL_Driver/Src/stm32f1xx_hal_adc.o
                0x0000000008000764                HAL_ADC_Init
 .text.HAL_ADC_Start
                0x0000000008000914      0x15c Drivers/STM32F1xx_HAL_Driver/Src/stm32f1xx_hal_adc.o
                0x0000000008000914                HAL_ADC_Start
 .text.HAL_ADC_PollForConversion
                0x0000000008000a70      0x1f4 Drivers/STM32F1xx_HAL_Driver/Src/stm32f1xx_hal_adc.o
                0x0000000008000a70                HAL_ADC_PollForConversion
 .text.HAL_ADC_GetValue
                0x0000000008000c64       0x18 Drivers/STM32F1xx_HAL_Driver/Src/stm32f1xx_hal_adc.o
                0x0000000008000c64                HAL_ADC_GetValue
 .text.HAL_ADC_ConfigChannel
                0x0000000008000c7c      0x1f0 Drivers/STM32F1xx_HAL_Driver/Src/stm32f1xx_hal_adc.o
                0x0000000008000c7c                HAL_ADC_ConfigChannel
 .text.ADC_Enable
                0x0000000008000e6c       0xa4 Drivers/STM32F1xx_HAL_Driver/Src/stm32f1xx_hal_adc.o
                0x0000000008000e6c                ADC_Enable
 .text.ADC_ConversionStop_Disable
                0x0000000008000f10       0x74 Drivers/STM32F1xx_HAL_Driver/Src/stm32f1xx_hal_adc.o
                0x0000000008000f10                ADC_ConversionStop_Disable
 .text.__NVIC_SetPriorityGrouping
                0x0000000008000f84       0x48 Drivers/STM32F1xx_HAL_Driver/Src/stm32f1xx_hal_cortex.o
 .text.__NVIC_GetPriorityGrouping
                0x0000000008000fcc       0x1c Drivers/STM32F1xx_HAL_Driver/Src/stm32f1xx_hal_cortex.o
 .text.__NVIC_EnableIRQ
                0x0000000008000fe8       0x38 Drivers/STM32F1xx_HAL_Driver/Src/stm32f1xx_hal_cortex.o
 .text.__NVIC_SetPriority
                0x0000000008001020       0x54 Drivers/STM32F1xx_HAL_Driver/Src/stm32f1xx_hal_cortex.o
 .text.NVIC_EncodePriority
                0x0000000008001074       0x64 Drivers/STM32F1xx_HAL_Driver/Src/stm32f1xx_hal_cortex.o
 .text.SysTick_Config
                0x00000000080010d8       0x44 Drivers/STM32F1xx_HAL_Driver/Src/stm32f1xx_hal_cortex.o
 .text.HAL_NVIC_SetPriorityGrouping
                0x000000000800111c       0x16 Drivers/STM32F1xx_HAL_Driver/Src/stm32f1xx_hal_cortex.o
                0x000000000800111c                HAL_NVIC_SetPriorityGrouping
 .text.HAL_NVIC_SetPriority
                0x0000000008001132       0x38 Drivers/STM32F1xx_HAL_Driver/Src/stm32f1xx_hal_cortex.o
                0x0000000008001132                HAL_NVIC_SetPriority
 .text.HAL_NVIC_EnableIRQ
                0x000000000800116a       0x1c Drivers/STM32F1xx_HAL_Driver/Src/stm32f1xx_hal_cortex.o
                0x000000000800116a                HAL_NVIC_EnableIRQ
 .text.HAL_SYSTICK_Config
                0x0000000008001186       0x18 Drivers/STM32F1xx_HAL_Driver/Src/stm32f1xx_hal_cortex.o
                0x0000000008001186                HAL_SYSTICK_Config
 *fill*         0x000000000800119e        0x2 
 .text.HAL_GPIO_Init
                0x00000000080011a0      0x2b4 Drivers/STM32F1xx_HAL_Driver/Src/stm32f1xx_hal_gpio.o
                0x00000000080011a0                HAL_GPIO_Init
 .text.HAL_GPIO_WritePin
                0x0000000008001454       0x30 Drivers/STM32F1xx_HAL_Driver/Src/stm32f1xx_hal_gpio.o
                0x0000000008001454                HAL_GPIO_WritePin
 .text.HAL_PCD_Init
                0x0000000008001484      0x216 Drivers/STM32F1xx_HAL_Driver/Src/stm32f1xx_hal_pcd.o
                0x0000000008001484                HAL_PCD_Init
 .text.HAL_PCD_Start
                0x000000000800169a       0x4c Drivers/STM32F1xx_HAL_Driver/Src/stm32f1xx_hal_pcd.o
                0x000000000800169a                HAL_PCD_Start
 .text.HAL_PCD_IRQHandler
                0x00000000080016e6      0x2aa Drivers/STM32F1xx_HAL_Driver/Src/stm32f1xx_hal_pcd.o
                0x00000000080016e6                HAL_PCD_IRQHandler
 .text.HAL_PCD_SetAddress
                0x0000000008001990       0x4a Drivers/STM32F1xx_HAL_Driver/Src/stm32f1xx_hal_pcd.o
                0x0000000008001990                HAL_PCD_SetAddress
 .text.HAL_PCD_EP_Open
                0x00000000080019da       0xcc Drivers/STM32F1xx_HAL_Driver/Src/stm32f1xx_hal_pcd.o
                0x00000000080019da                HAL_PCD_EP_Open
 .text.HAL_PCD_EP_Close
                0x0000000008001aa6       0x90 Drivers/STM32F1xx_HAL_Driver/Src/stm32f1xx_hal_pcd.o
                0x0000000008001aa6                HAL_PCD_EP_Close
 .text.HAL_PCD_EP_Receive
                0x0000000008001b36       0x7a Drivers/STM32F1xx_HAL_Driver/Src/stm32f1xx_hal_pcd.o
                0x0000000008001b36                HAL_PCD_EP_Receive
 .text.HAL_PCD_EP_GetRxCount
                0x0000000008001bb0       0x2e Drivers/STM32F1xx_HAL_Driver/Src/stm32f1xx_hal_pcd.o
                0x0000000008001bb0                HAL_PCD_EP_GetRxCount
 .text.HAL_PCD_EP_Transmit
                0x0000000008001bde       0x86 Drivers/STM32F1xx_HAL_Driver/Src/stm32f1xx_hal_pcd.o
                0x0000000008001bde                HAL_PCD_EP_Transmit
 .text.HAL_PCD_EP_SetStall
                0x0000000008001c64       0xc0 Drivers/STM32F1xx_HAL_Driver/Src/stm32f1xx_hal_pcd.o
                0x0000000008001c64                HAL_PCD_EP_SetStall
 .text.HAL_PCD_EP_ClrStall
                0x0000000008001d24       0xa8 Drivers/STM32F1xx_HAL_Driver/Src/stm32f1xx_hal_pcd.o
                0x0000000008001d24                HAL_PCD_EP_ClrStall
 .text.PCD_EP_ISR_Handler
                0x0000000008001dcc      0x5e6 Drivers/STM32F1xx_HAL_Driver/Src/stm32f1xx_hal_pcd.o
 .text.HAL_PCD_EP_DB_Receive
                0x00000000080023b2      0x21a Drivers/STM32F1xx_HAL_Driver/Src/stm32f1xx_hal_pcd.o
 .text.HAL_PCD_EP_DB_Transmit
                0x00000000080025cc      0x53a Drivers/STM32F1xx_HAL_Driver/Src/stm32f1xx_hal_pcd.o
 .text.HAL_PCDEx_PMAConfig
                0x0000000008002b06       0x84 Drivers/STM32F1xx_HAL_Driver/Src/stm32f1xx_hal_pcd_ex.o
                0x0000000008002b06                HAL_PCDEx_PMAConfig
 *fill*         0x0000000008002b8a        0x2 
 .text.HAL_RCC_OscConfig
                0x0000000008002b8c      0x500 Drivers/STM32F1xx_HAL_Driver/Src/stm32f1xx_hal_rcc.o
                0x0000000008002b8c                HAL_RCC_OscConfig
 .text.HAL_RCC_ClockConfig
                0x000000000800308c      0x1d4 Drivers/STM32F1xx_HAL_Driver/Src/stm32f1xx_hal_rcc.o
                0x000000000800308c                HAL_RCC_ClockConfig
 .text.HAL_RCC_GetSysClockFreq
                0x0000000008003260       0xc4 Drivers/STM32F1xx_HAL_Driver/Src/stm32f1xx_hal_rcc.o
                0x0000000008003260                HAL_RCC_GetSysClockFreq
 .text.HAL_RCC_GetHCLKFreq
                0x0000000008003324       0x14 Drivers/STM32F1xx_HAL_Driver/Src/stm32f1xx_hal_rcc.o
                0x0000000008003324                HAL_RCC_GetHCLKFreq
 .text.HAL_RCC_GetPCLK2Freq
                0x0000000008003338       0x28 Drivers/STM32F1xx_HAL_Driver/Src/stm32f1xx_hal_rcc.o
                0x0000000008003338                HAL_RCC_GetPCLK2Freq
 .text.RCC_Delay
                0x0000000008003360       0x3c Drivers/STM32F1xx_HAL_Driver/Src/stm32f1xx_hal_rcc.o
 .text.HAL_RCCEx_PeriphCLKConfig
                0x000000000800339c      0x16c Drivers/STM32F1xx_HAL_Driver/Src/stm32f1xx_hal_rcc_ex.o
                0x000000000800339c                HAL_RCCEx_PeriphCLKConfig
 .text.HAL_RCCEx_GetPeriphCLKFreq
                0x0000000008003508      0x178 Drivers/STM32F1xx_HAL_Driver/Src/stm32f1xx_hal_rcc_ex.o
                0x0000000008003508                HAL_RCCEx_GetPeriphCLKFreq
 .text.USB_CoreInit
                0x0000000008003680       0x20 Drivers/STM32F1xx_HAL_Driver/Src/stm32f1xx_ll_usb.o
                0x0000000008003680                USB_CoreInit
 .text.USB_EnableGlobalInt
                0x00000000080036a0       0x2c Drivers/STM32F1xx_HAL_Driver/Src/stm32f1xx_ll_usb.o
                0x00000000080036a0                USB_EnableGlobalInt
 .text.USB_DisableGlobalInt
                0x00000000080036cc       0x34 Drivers/STM32F1xx_HAL_Driver/Src/stm32f1xx_ll_usb.o
                0x00000000080036cc                USB_DisableGlobalInt
 .text.USB_SetCurrentMode
                0x0000000008003700       0x18 Drivers/STM32F1xx_HAL_Driver/Src/stm32f1xx_ll_usb.o
                0x0000000008003700                USB_SetCurrentMode
 .text.USB_DevInit
                0x0000000008003718       0x40 Drivers/STM32F1xx_HAL_Driver/Src/stm32f1xx_ll_usb.o
                0x0000000008003718                USB_DevInit
 .text.USB_ActivateEndpoint
                0x0000000008003758      0x6d4 Drivers/STM32F1xx_HAL_Driver/Src/stm32f1xx_ll_usb.o
                0x0000000008003758                USB_ActivateEndpoint
 .text.USB_DeactivateEndpoint
                0x0000000008003e2c      0x3d8 Drivers/STM32F1xx_HAL_Driver/Src/stm32f1xx_ll_usb.o
                0x0000000008003e2c                USB_DeactivateEndpoint
 .text.USB_EPStartXfer
                0x0000000008004204     0x1240 Drivers/STM32F1xx_HAL_Driver/Src/stm32f1xx_ll_usb.o
                0x0000000008004204                USB_EPStartXfer
 .text.USB_EPSetStall
                0x0000000008005444       0xa0 Drivers/STM32F1xx_HAL_Driver/Src/stm32f1xx_ll_usb.o
                0x0000000008005444                USB_EPSetStall
 .text.USB_EPClearStall
                0x00000000080054e4      0x15a Drivers/STM32F1xx_HAL_Driver/Src/stm32f1xx_ll_usb.o
                0x00000000080054e4                USB_EPClearStall
 .text.USB_SetDevAddress
                0x000000000800563e       0x26 Drivers/STM32F1xx_HAL_Driver/Src/stm32f1xx_ll_usb.o
                0x000000000800563e                USB_SetDevAddress
 .text.USB_DevConnect
                0x0000000008005664       0x14 Drivers/STM32F1xx_HAL_Driver/Src/stm32f1xx_ll_usb.o
                0x0000000008005664                USB_DevConnect
 .text.USB_DevDisconnect
                0x0000000008005678       0x14 Drivers/STM32F1xx_HAL_Driver/Src/stm32f1xx_ll_usb.o
                0x0000000008005678                USB_DevDisconnect
 .text.USB_ReadInterrupts
                0x000000000800568c       0x1e Drivers/STM32F1xx_HAL_Driver/Src/stm32f1xx_ll_usb.o
                0x000000000800568c                USB_ReadInterrupts
 .text.USB_EP0_OutStart
                0x00000000080056aa       0x16 Drivers/STM32F1xx_HAL_Driver/Src/stm32f1xx_ll_usb.o
                0x00000000080056aa                USB_EP0_OutStart
 .text.USB_WritePMA
                0x00000000080056c0       0x88 Drivers/STM32F1xx_HAL_Driver/Src/stm32f1xx_ll_usb.o
                0x00000000080056c0                USB_WritePMA
 .text.USB_ReadPMA
                0x0000000008005748       0x9e Drivers/STM32F1xx_HAL_Driver/Src/stm32f1xx_ll_usb.o
                0x0000000008005748                USB_ReadPMA
 .text.USBD_CDC_Init
                0x00000000080057e6       0xf4 Middlewares/ST/STM32_USB_Device_Library/Class/CDC/Src/usbd_cdc.o
 .text.USBD_CDC_DeInit
                0x00000000080058da       0x6e Middlewares/ST/STM32_USB_Device_Library/Class/CDC/Src/usbd_cdc.o
 .text.USBD_CDC_Setup
                0x0000000008005948      0x140 Middlewares/ST/STM32_USB_Device_Library/Class/CDC/Src/usbd_cdc.o
 .text.USBD_CDC_DataIn
                0x0000000008005a88       0xa6 Middlewares/ST/STM32_USB_Device_Library/Class/CDC/Src/usbd_cdc.o
 .text.USBD_CDC_DataOut
                0x0000000008005b2e       0x56 Middlewares/ST/STM32_USB_Device_Library/Class/CDC/Src/usbd_cdc.o
 .text.USBD_CDC_EP0_RxReady
                0x0000000008005b84       0x50 Middlewares/ST/STM32_USB_Device_Library/Class/CDC/Src/usbd_cdc.o
 .text.USBD_CDC_GetFSCfgDesc
                0x0000000008005bd4       0x20 Middlewares/ST/STM32_USB_Device_Library/Class/CDC/Src/usbd_cdc.o
 .text.USBD_CDC_GetHSCfgDesc
                0x0000000008005bf4       0x20 Middlewares/ST/STM32_USB_Device_Library/Class/CDC/Src/usbd_cdc.o
 .text.USBD_CDC_GetOtherSpeedCfgDesc
                0x0000000008005c14       0x20 Middlewares/ST/STM32_USB_Device_Library/Class/CDC/Src/usbd_cdc.o
 .text.USBD_CDC_GetDeviceQualifierDescriptor
                0x0000000008005c34       0x20 Middlewares/ST/STM32_USB_Device_Library/Class/CDC/Src/usbd_cdc.o
                0x0000000008005c34                USBD_CDC_GetDeviceQualifierDescriptor
 .text.USBD_CDC_RegisterInterface
                0x0000000008005c54       0x2c Middlewares/ST/STM32_USB_Device_Library/Class/CDC/Src/usbd_cdc.o
                0x0000000008005c54                USBD_CDC_RegisterInterface
 .text.USBD_CDC_SetTxBuffer
                0x0000000008005c80       0x32 Middlewares/ST/STM32_USB_Device_Library/Class/CDC/Src/usbd_cdc.o
                0x0000000008005c80                USBD_CDC_SetTxBuffer
 .text.USBD_CDC_SetRxBuffer
                0x0000000008005cb2       0x26 Middlewares/ST/STM32_USB_Device_Library/Class/CDC/Src/usbd_cdc.o
                0x0000000008005cb2                USBD_CDC_SetRxBuffer
 .text.USBD_CDC_TransmitPacket
                0x0000000008005cd8       0x5e Middlewares/ST/STM32_USB_Device_Library/Class/CDC/Src/usbd_cdc.o
                0x0000000008005cd8                USBD_CDC_TransmitPacket
 .text.USBD_CDC_ReceivePacket
                0x0000000008005d36       0x54 Middlewares/ST/STM32_USB_Device_Library/Class/CDC/Src/usbd_cdc.o
                0x0000000008005d36                USBD_CDC_ReceivePacket
 .text.USBD_Init
                0x0000000008005d8a       0x56 Middlewares/ST/STM32_USB_Device_Library/Core/Src/usbd_core.o
                0x0000000008005d8a                USBD_Init
 .text.USBD_RegisterClass
                0x0000000008005de0       0x32 Middlewares/ST/STM32_USB_Device_Library/Core/Src/usbd_core.o
                0x0000000008005de0                USBD_RegisterClass
 .text.USBD_Start
                0x0000000008005e12       0x18 Middlewares/ST/STM32_USB_Device_Library/Core/Src/usbd_core.o
                0x0000000008005e12                USBD_Start
 .text.USBD_RunTestMode
                0x0000000008005e2a       0x14 Middlewares/ST/STM32_USB_Device_Library/Core/Src/usbd_core.o
                0x0000000008005e2a                USBD_RunTestMode
 .text.USBD_SetClassConfig
                0x0000000008005e3e       0x3e Middlewares/ST/STM32_USB_Device_Library/Core/Src/usbd_core.o
                0x0000000008005e3e                USBD_SetClassConfig
 .text.USBD_ClrClassConfig
                0x0000000008005e7c       0x26 Middlewares/ST/STM32_USB_Device_Library/Core/Src/usbd_core.o
                0x0000000008005e7c                USBD_ClrClassConfig
 .text.USBD_LL_SetupStage
                0x0000000008005ea2       0x96 Middlewares/ST/STM32_USB_Device_Library/Core/Src/usbd_core.o
                0x0000000008005ea2                USBD_LL_SetupStage
 .text.USBD_LL_DataOutStage
                0x0000000008005f38       0xe2 Middlewares/ST/STM32_USB_Device_Library/Core/Src/usbd_core.o
                0x0000000008005f38                USBD_LL_DataOutStage
 .text.USBD_LL_DataInStage
                0x000000000800601a      0x14a Middlewares/ST/STM32_USB_Device_Library/Core/Src/usbd_core.o
                0x000000000800601a                USBD_LL_DataInStage
 .text.USBD_LL_Reset
                0x0000000008006164       0x82 Middlewares/ST/STM32_USB_Device_Library/Core/Src/usbd_core.o
                0x0000000008006164                USBD_LL_Reset
 .text.USBD_LL_SetSpeed
                0x00000000080061e6       0x1e Middlewares/ST/STM32_USB_Device_Library/Core/Src/usbd_core.o
                0x00000000080061e6                USBD_LL_SetSpeed
 .text.USBD_LL_Suspend
                0x0000000008006204       0x28 Middlewares/ST/STM32_USB_Device_Library/Core/Src/usbd_core.o
                0x0000000008006204                USBD_LL_Suspend
 .text.USBD_LL_Resume
                0x000000000800622c       0x2a Middlewares/ST/STM32_USB_Device_Library/Core/Src/usbd_core.o
                0x000000000800622c                USBD_LL_Resume
 .text.USBD_LL_SOF
                0x0000000008006256       0x34 Middlewares/ST/STM32_USB_Device_Library/Core/Src/usbd_core.o
                0x0000000008006256                USBD_LL_SOF
 *fill*         0x000000000800628a        0x2 
 .text.USBD_StdDevReq
                0x000000000800628c       0xd4 Middlewares/ST/STM32_USB_Device_Library/Core/Src/usbd_ctlreq.o
                0x000000000800628c                USBD_StdDevReq
 .text.USBD_StdItfReq
                0x0000000008006360       0x8c Middlewares/ST/STM32_USB_Device_Library/Core/Src/usbd_ctlreq.o
                0x0000000008006360                USBD_StdItfReq
 .text.USBD_StdEPReq
                0x00000000080063ec      0x2ba Middlewares/ST/STM32_USB_Device_Library/Core/Src/usbd_ctlreq.o
                0x00000000080063ec                USBD_StdEPReq
 *fill*         0x00000000080066a6        0x2 
 .text.USBD_GetDescriptor
                0x00000000080066a8      0x2d0 Middlewares/ST/STM32_USB_Device_Library/Core/Src/usbd_ctlreq.o
 .text.USBD_SetAddress
                0x0000000008006978       0x84 Middlewares/ST/STM32_USB_Device_Library/Core/Src/usbd_ctlreq.o
 .text.USBD_SetConfig
                0x00000000080069fc      0x11c Middlewares/ST/STM32_USB_Device_Library/Core/Src/usbd_ctlreq.o
 .text.USBD_GetConfig
                0x0000000008006b18       0x68 Middlewares/ST/STM32_USB_Device_Library/Core/Src/usbd_ctlreq.o
 .text.USBD_GetStatus
                0x0000000008006b80       0x66 Middlewares/ST/STM32_USB_Device_Library/Core/Src/usbd_ctlreq.o
 .text.USBD_SetFeature
                0x0000000008006be6       0x28 Middlewares/ST/STM32_USB_Device_Library/Core/Src/usbd_ctlreq.o
 .text.USBD_ClrFeature
                0x0000000008006c0e       0x42 Middlewares/ST/STM32_USB_Device_Library/Core/Src/usbd_ctlreq.o
 .text.USBD_ParseSetupRequest
                0x0000000008006c50       0x78 Middlewares/ST/STM32_USB_Device_Library/Core/Src/usbd_ctlreq.o
                0x0000000008006c50                USBD_ParseSetupRequest
 .text.USBD_CtlError
                0x0000000008006cc8       0x22 Middlewares/ST/STM32_USB_Device_Library/Core/Src/usbd_ctlreq.o
                0x0000000008006cc8                USBD_CtlError
 .text.USBD_GetString
                0x0000000008006cea       0x84 Middlewares/ST/STM32_USB_Device_Library/Core/Src/usbd_ctlreq.o
                0x0000000008006cea                USBD_GetString
 .text.USBD_GetLen
                0x0000000008006d6e       0x2e Middlewares/ST/STM32_USB_Device_Library/Core/Src/usbd_ctlreq.o
 .text.USBD_CtlSendData
                0x0000000008006d9c       0x38 Middlewares/ST/STM32_USB_Device_Library/Core/Src/usbd_ioreq.o
                0x0000000008006d9c                USBD_CtlSendData
 .text.USBD_CtlContinueSendData
                0x0000000008006dd4       0x24 Middlewares/ST/STM32_USB_Device_Library/Core/Src/usbd_ioreq.o
                0x0000000008006dd4                USBD_CtlContinueSendData
 .text.USBD_CtlPrepareRx
                0x0000000008006df8       0x3c Middlewares/ST/STM32_USB_Device_Library/Core/Src/usbd_ioreq.o
                0x0000000008006df8                USBD_CtlPrepareRx
 .text.USBD_CtlContinueRx
                0x0000000008006e34       0x24 Middlewares/ST/STM32_USB_Device_Library/Core/Src/usbd_ioreq.o
                0x0000000008006e34                USBD_CtlContinueRx
 .text.USBD_CtlSendStatus
                0x0000000008006e58       0x26 Middlewares/ST/STM32_USB_Device_Library/Core/Src/usbd_ioreq.o
                0x0000000008006e58                USBD_CtlSendStatus
 .text.USBD_CtlReceiveStatus
                0x0000000008006e7e       0x26 Middlewares/ST/STM32_USB_Device_Library/Core/Src/usbd_ioreq.o
                0x0000000008006e7e                USBD_CtlReceiveStatus
 .text.MX_USB_DEVICE_Init
                0x0000000008006ea4       0x60 USB_DEVICE/App/usb_device.o
                0x0000000008006ea4                MX_USB_DEVICE_Init
 .text.CDC_Init_FS
                0x0000000008006f04       0x28 USB_DEVICE/App/usbd_cdc_if.o
 .text.CDC_DeInit_FS
                0x0000000008006f2c        0xe USB_DEVICE/App/usbd_cdc_if.o
 *fill*         0x0000000008006f3a        0x2 
 .text.CDC_Control_FS
                0x0000000008006f3c       0xbc USB_DEVICE/App/usbd_cdc_if.o
 .text.CDC_Receive_FS
                0x0000000008006ff8       0x44 USB_DEVICE/App/usbd_cdc_if.o
 .text.CDC_Transmit_FS
                0x000000000800703c       0x4c USB_DEVICE/App/usbd_cdc_if.o
                0x000000000800703c                CDC_Transmit_FS
 .text.USBD_FS_DeviceDescriptor
                0x0000000008007088       0x24 USB_DEVICE/App/usbd_desc.o
                0x0000000008007088                USBD_FS_DeviceDescriptor
 .text.USBD_FS_LangIDStrDescriptor
                0x00000000080070ac       0x24 USB_DEVICE/App/usbd_desc.o
                0x00000000080070ac                USBD_FS_LangIDStrDescriptor
 .text.USBD_FS_ProductStrDescriptor
                0x00000000080070d0       0x3c USB_DEVICE/App/usbd_desc.o
                0x00000000080070d0                USBD_FS_ProductStrDescriptor
 .text.USBD_FS_ManufacturerStrDescriptor
                0x000000000800710c       0x28 USB_DEVICE/App/usbd_desc.o
                0x000000000800710c                USBD_FS_ManufacturerStrDescriptor
 .text.USBD_FS_SerialStrDescriptor
                0x0000000008007134       0x24 USB_DEVICE/App/usbd_desc.o
                0x0000000008007134                USBD_FS_SerialStrDescriptor
 .text.USBD_FS_ConfigStrDescriptor
                0x0000000008007158       0x3c USB_DEVICE/App/usbd_desc.o
                0x0000000008007158                USBD_FS_ConfigStrDescriptor
 .text.USBD_FS_InterfaceStrDescriptor
                0x0000000008007194       0x3c USB_DEVICE/App/usbd_desc.o
                0x0000000008007194                USBD_FS_InterfaceStrDescriptor
 .text.Get_SerialNum
                0x00000000080071d0       0x58 USB_DEVICE/App/usbd_desc.o
 .text.IntToUnicode
                0x0000000008007228       0x7a USB_DEVICE/App/usbd_desc.o
 *fill*         0x00000000080072a2        0x2 
 .text.HAL_PCD_MspInit
                0x00000000080072a4       0x4c USB_DEVICE/Target/usbd_conf.o
                0x00000000080072a4                HAL_PCD_MspInit
 .text.HAL_PCD_SetupStageCallback
                0x00000000080072f0       0x24 USB_DEVICE/Target/usbd_conf.o
                0x00000000080072f0                HAL_PCD_SetupStageCallback
 .text.HAL_PCD_DataOutStageCallback
                0x0000000008007314       0x36 USB_DEVICE/Target/usbd_conf.o
                0x0000000008007314                HAL_PCD_DataOutStageCallback
 .text.HAL_PCD_DataInStageCallback
                0x000000000800734a       0x34 USB_DEVICE/Target/usbd_conf.o
                0x000000000800734a                HAL_PCD_DataInStageCallback
 .text.HAL_PCD_SOFCallback
                0x000000000800737e       0x1c USB_DEVICE/Target/usbd_conf.o
                0x000000000800737e                HAL_PCD_SOFCallback
 .text.HAL_PCD_ResetCallback
                0x000000000800739a       0x3c USB_DEVICE/Target/usbd_conf.o
                0x000000000800739a                HAL_PCD_ResetCallback
 *fill*         0x00000000080073d6        0x2 
 .text.HAL_PCD_SuspendCallback
                0x00000000080073d8       0x34 USB_DEVICE/Target/usbd_conf.o
                0x00000000080073d8                HAL_PCD_SuspendCallback
 .text.HAL_PCD_ResumeCallback
                0x000000000800740c       0x1c USB_DEVICE/Target/usbd_conf.o
                0x000000000800740c                HAL_PCD_ResumeCallback
 .text.USBD_LL_Init
                0x0000000008007428       0xb4 USB_DEVICE/Target/usbd_conf.o
                0x0000000008007428                USBD_LL_Init
 .text.USBD_LL_Start
                0x00000000080074dc       0x36 USB_DEVICE/Target/usbd_conf.o
                0x00000000080074dc                USBD_LL_Start
 .text.USBD_LL_OpenEP
                0x0000000008007512       0x4c USB_DEVICE/Target/usbd_conf.o
                0x0000000008007512                USBD_LL_OpenEP
 .text.USBD_LL_CloseEP
                0x000000000800755e       0x3e USB_DEVICE/Target/usbd_conf.o
                0x000000000800755e                USBD_LL_CloseEP
 .text.USBD_LL_StallEP
                0x000000000800759c       0x3e USB_DEVICE/Target/usbd_conf.o
                0x000000000800759c                USBD_LL_StallEP
 .text.USBD_LL_ClearStallEP
                0x00000000080075da       0x3e USB_DEVICE/Target/usbd_conf.o
                0x00000000080075da                USBD_LL_ClearStallEP
 .text.USBD_LL_IsStallEP
                0x0000000008007618       0x58 USB_DEVICE/Target/usbd_conf.o
                0x0000000008007618                USBD_LL_IsStallEP
 .text.USBD_LL_SetUSBAddress
                0x0000000008007670       0x3e USB_DEVICE/Target/usbd_conf.o
                0x0000000008007670                USBD_LL_SetUSBAddress
 .text.USBD_LL_Transmit
                0x00000000080076ae       0x46 USB_DEVICE/Target/usbd_conf.o
                0x00000000080076ae                USBD_LL_Transmit
 .text.USBD_LL_PrepareReceive
                0x00000000080076f4       0x46 USB_DEVICE/Target/usbd_conf.o
                0x00000000080076f4                USBD_LL_PrepareReceive
 .text.USBD_LL_GetRxDataSize
                0x000000000800773a       0x26 USB_DEVICE/Target/usbd_conf.o
                0x000000000800773a                USBD_LL_GetRxDataSize
 .text.USBD_static_malloc
                0x0000000008007760       0x18 USB_DEVICE/Target/usbd_conf.o
                0x0000000008007760                USBD_static_malloc
 .text.USBD_static_free
                0x0000000008007778       0x12 USB_DEVICE/Target/usbd_conf.o
                0x0000000008007778                USBD_static_free
 .text.HAL_PCDEx_SetConnectionState
                0x000000000800778a       0x16 USB_DEVICE/Target/usbd_conf.o
                0x000000000800778a                HAL_PCDEx_SetConnectionState
 .text.USBD_Get_USB_Status
                0x00000000080077a0       0x58 USB_DEVICE/Target/usbd_conf.o
 .text.__errno  0x00000000080077f8        0xc c:/st/stm32cubeide_1.5.1/stm32cubeide/plugins/com.st.stm32cube.ide.mcu.externaltools.gnu-tools-for-stm32.7-2018-q2-update.win32_1.5.0.202011040924/tools/bin/../lib/gcc/arm-none-eabi/7.3.1/../../../../arm-none-eabi/lib/thumb/v7-m\libc_nano.a(lib_a-errno.o)
                0x00000000080077f8                __errno
 .text.__libc_init_array
                0x0000000008007804       0x48 c:/st/stm32cubeide_1.5.1/stm32cubeide/plugins/com.st.stm32cube.ide.mcu.externaltools.gnu-tools-for-stm32.7-2018-q2-update.win32_1.5.0.202011040924/tools/bin/../lib/gcc/arm-none-eabi/7.3.1/../../../../arm-none-eabi/lib/thumb/v7-m\libc_nano.a(lib_a-init.o)
                0x0000000008007804                __libc_init_array
 .text.memcpy   0x000000000800784c       0x16 c:/st/stm32cubeide_1.5.1/stm32cubeide/plugins/com.st.stm32cube.ide.mcu.externaltools.gnu-tools-for-stm32.7-2018-q2-update.win32_1.5.0.202011040924/tools/bin/../lib/gcc/arm-none-eabi/7.3.1/../../../../arm-none-eabi/lib/thumb/v7-m\libc_nano.a(lib_a-memcpy-stub.o)
                0x000000000800784c                memcpy
 .text.memset   0x0000000008007862       0x10 c:/st/stm32cubeide_1.5.1/stm32cubeide/plugins/com.st.stm32cube.ide.mcu.externaltools.gnu-tools-for-stm32.7-2018-q2-update.win32_1.5.0.202011040924/tools/bin/../lib/gcc/arm-none-eabi/7.3.1/../../../../arm-none-eabi/lib/thumb/v7-m\libc_nano.a(lib_a-memset.o)
                0x0000000008007862                memset
 *fill*         0x0000000008007872        0x2 
 .text.sprintf  0x0000000008007874       0x40 c:/st/stm32cubeide_1.5.1/stm32cubeide/plugins/com.st.stm32cube.ide.mcu.externaltools.gnu-tools-for-stm32.7-2018-q2-update.win32_1.5.0.202011040924/tools/bin/../lib/gcc/arm-none-eabi/7.3.1/../../../../arm-none-eabi/lib/thumb/v7-m\libc_nano.a(lib_a-sprintf.o)
                0x0000000008007874                siprintf
                0x0000000008007874                sprintf
 .text.__ssputs_r
                0x00000000080078b4       0xb4 c:/st/stm32cubeide_1.5.1/stm32cubeide/plugins/com.st.stm32cube.ide.mcu.externaltools.gnu-tools-for-stm32.7-2018-q2-update.win32_1.5.0.202011040924/tools/bin/../lib/gcc/arm-none-eabi/7.3.1/../../../../arm-none-eabi/lib/thumb/v7-m\libc_nano.a(lib_a-nano-svfprintf.o)
                0x00000000080078b4                __ssputs_r
 .text._svfprintf_r
                0x0000000008007968      0x1f0 c:/st/stm32cubeide_1.5.1/stm32cubeide/plugins/com.st.stm32cube.ide.mcu.externaltools.gnu-tools-for-stm32.7-2018-q2-update.win32_1.5.0.202011040924/tools/bin/../lib/gcc/arm-none-eabi/7.3.1/../../../../arm-none-eabi/lib/thumb/v7-m\libc_nano.a(lib_a-nano-svfprintf.o)
                0x0000000008007968                _svfiprintf_r
                0x0000000008007968                _svfprintf_r
 .text._printf_common
                0x0000000008007b58       0xec c:/st/stm32cubeide_1.5.1/stm32cubeide/plugins/com.st.stm32cube.ide.mcu.externaltools.gnu-tools-for-stm32.7-2018-q2-update.win32_1.5.0.202011040924/tools/bin/../lib/gcc/arm-none-eabi/7.3.1/../../../../arm-none-eabi/lib/thumb/v7-m\libc_nano.a(lib_a-nano-vfprintf_i.o)
                0x0000000008007b58                _printf_common
 .text._printf_i
                0x0000000008007c44      0x224 c:/st/stm32cubeide_1.5.1/stm32cubeide/plugins/com.st.stm32cube.ide.mcu.externaltools.gnu-tools-for-stm32.7-2018-q2-update.win32_1.5.0.202011040924/tools/bin/../lib/gcc/arm-none-eabi/7.3.1/../../../../arm-none-eabi/lib/thumb/v7-m\libc_nano.a(lib_a-nano-vfprintf_i.o)
                0x0000000008007c44                _printf_i
 .text.memchr   0x0000000008007e68       0x1c c:/st/stm32cubeide_1.5.1/stm32cubeide/plugins/com.st.stm32cube.ide.mcu.externaltools.gnu-tools-for-stm32.7-2018-q2-update.win32_1.5.0.202011040924/tools/bin/../lib/gcc/arm-none-eabi/7.3.1/../../../../arm-none-eabi/lib/thumb/v7-m\libc_nano.a(lib_a-memchr-stub.o)
                0x0000000008007e68                memchr
 .text.memmove  0x0000000008007e84       0x32 c:/st/stm32cubeide_1.5.1/stm32cubeide/plugins/com.st.stm32cube.ide.mcu.externaltools.gnu-tools-for-stm32.7-2018-q2-update.win32_1.5.0.202011040924/tools/bin/../lib/gcc/arm-none-eabi/7.3.1/../../../../arm-none-eabi/lib/thumb/v7-m\libc_nano.a(lib_a-memmove.o)
                0x0000000008007e84                memmove
 *fill*         0x0000000008007eb6        0x2 
 .text._free_r  0x0000000008007eb8       0x98 c:/st/stm32cubeide_1.5.1/stm32cubeide/plugins/com.st.stm32cube.ide.mcu.externaltools.gnu-tools-for-stm32.7-2018-q2-update.win32_1.5.0.202011040924/tools/bin/../lib/gcc/arm-none-eabi/7.3.1/../../../../arm-none-eabi/lib/thumb/v7-m\libc_nano.a(lib_a-nano-freer.o)
                0x0000000008007eb8                _free_r
 .text._malloc_r
                0x0000000008007f50       0xb4 c:/st/stm32cubeide_1.5.1/stm32cubeide/plugins/com.st.stm32cube.ide.mcu.externaltools.gnu-tools-for-stm32.7-2018-q2-update.win32_1.5.0.202011040924/tools/bin/../lib/gcc/arm-none-eabi/7.3.1/../../../../arm-none-eabi/lib/thumb/v7-m\libc_nano.a(lib_a-nano-mallocr.o)
                0x0000000008007f50                _malloc_r
 .text._realloc_r
                0x0000000008008004       0x4c c:/st/stm32cubeide_1.5.1/stm32cubeide/plugins/com.st.stm32cube.ide.mcu.externaltools.gnu-tools-for-stm32.7-2018-q2-update.win32_1.5.0.202011040924/tools/bin/../lib/gcc/arm-none-eabi/7.3.1/../../../../arm-none-eabi/lib/thumb/v7-m\libc_nano.a(lib_a-nano-reallocr.o)
                0x0000000008008004                _realloc_r
 .text._sbrk_r  0x0000000008008050       0x20 c:/st/stm32cubeide_1.5.1/stm32cubeide/plugins/com.st.stm32cube.ide.mcu.externaltools.gnu-tools-for-stm32.7-2018-q2-update.win32_1.5.0.202011040924/tools/bin/../lib/gcc/arm-none-eabi/7.3.1/../../../../arm-none-eabi/lib/thumb/v7-m\libc_nano.a(lib_a-sbrkr.o)
                0x0000000008008050                _sbrk_r
 .text.__malloc_lock
                0x0000000008008070        0x2 c:/st/stm32cubeide_1.5.1/stm32cubeide/plugins/com.st.stm32cube.ide.mcu.externaltools.gnu-tools-for-stm32.7-2018-q2-update.win32_1.5.0.202011040924/tools/bin/../lib/gcc/arm-none-eabi/7.3.1/../../../../arm-none-eabi/lib/thumb/v7-m\libc_nano.a(lib_a-mlock.o)
                0x0000000008008070                __malloc_lock
 .text.__malloc_unlock
                0x0000000008008072        0x2 c:/st/stm32cubeide_1.5.1/stm32cubeide/plugins/com.st.stm32cube.ide.mcu.externaltools.gnu-tools-for-stm32.7-2018-q2-update.win32_1.5.0.202011040924/tools/bin/../lib/gcc/arm-none-eabi/7.3.1/../../../../arm-none-eabi/lib/thumb/v7-m\libc_nano.a(lib_a-mlock.o)
                0x0000000008008072                __malloc_unlock
 .text._malloc_usable_size_r
                0x0000000008008074       0x10 c:/st/stm32cubeide_1.5.1/stm32cubeide/plugins/com.st.stm32cube.ide.mcu.externaltools.gnu-tools-for-stm32.7-2018-q2-update.win32_1.5.0.202011040924/tools/bin/../lib/gcc/arm-none-eabi/7.3.1/../../../../arm-none-eabi/lib/thumb/v7-m\libc_nano.a(lib_a-nano-msizer.o)
                0x0000000008008074                _malloc_usable_size_r
 *(.glue_7)
 .glue_7        0x0000000008008084        0x0 linker stubs
 *(.glue_7t)
 .glue_7t       0x0000000008008084        0x0 linker stubs
 *(.eh_frame)
 .eh_frame      0x0000000008008084        0x0 c:/st/stm32cubeide_1.5.1/stm32cubeide/plugins/com.st.stm32cube.ide.mcu.externaltools.gnu-tools-for-stm32.7-2018-q2-update.win32_1.5.0.202011040924/tools/bin/../lib/gcc/arm-none-eabi/7.3.1/thumb/v7-m/crtbegin.o
 *(.init)
 .init          0x0000000008008084        0x4 c:/st/stm32cubeide_1.5.1/stm32cubeide/plugins/com.st.stm32cube.ide.mcu.externaltools.gnu-tools-for-stm32.7-2018-q2-update.win32_1.5.0.202011040924/tools/bin/../lib/gcc/arm-none-eabi/7.3.1/thumb/v7-m/crti.o
                0x0000000008008084                _init
 .init          0x0000000008008088        0x8 c:/st/stm32cubeide_1.5.1/stm32cubeide/plugins/com.st.stm32cube.ide.mcu.externaltools.gnu-tools-for-stm32.7-2018-q2-update.win32_1.5.0.202011040924/tools/bin/../lib/gcc/arm-none-eabi/7.3.1/thumb/v7-m/crtn.o
 *(.fini)
 .fini          0x0000000008008090        0x4 c:/st/stm32cubeide_1.5.1/stm32cubeide/plugins/com.st.stm32cube.ide.mcu.externaltools.gnu-tools-for-stm32.7-2018-q2-update.win32_1.5.0.202011040924/tools/bin/../lib/gcc/arm-none-eabi/7.3.1/thumb/v7-m/crti.o
                0x0000000008008090                _fini
 .fini          0x0000000008008094        0x8 c:/st/stm32cubeide_1.5.1/stm32cubeide/plugins/com.st.stm32cube.ide.mcu.externaltools.gnu-tools-for-stm32.7-2018-q2-update.win32_1.5.0.202011040924/tools/bin/../lib/gcc/arm-none-eabi/7.3.1/thumb/v7-m/crtn.o
                0x000000000800809c                . = ALIGN (0x4)
                0x000000000800809c                _etext = .

.vfp11_veneer   0x000000000800809c        0x0
 .vfp11_veneer  0x000000000800809c        0x0 linker stubs

.v4_bx          0x000000000800809c        0x0
 .v4_bx         0x000000000800809c        0x0 linker stubs

.iplt           0x000000000800809c        0x0
 .iplt          0x000000000800809c        0x0 c:/st/stm32cubeide_1.5.1/stm32cubeide/plugins/com.st.stm32cube.ide.mcu.externaltools.gnu-tools-for-stm32.7-2018-q2-update.win32_1.5.0.202011040924/tools/bin/../lib/gcc/arm-none-eabi/7.3.1/thumb/v7-m/crtbegin.o

.rodata         0x000000000800809c      0x10c
                0x000000000800809c                . = ALIGN (0x4)
 *(.rodata)
 .rodata        0x000000000800809c       0x50 Core/Src/main.o
 .rodata        0x00000000080080ec       0x12 Drivers/STM32F1xx_HAL_Driver/Src/stm32f1xx_hal_rcc.o
 *fill*         0x00000000080080fe        0x2 
 .rodata        0x0000000008008100       0x12 Drivers/STM32F1xx_HAL_Driver/Src/stm32f1xx_hal_rcc_ex.o
 *fill*         0x0000000008008112        0x2 
 .rodata        0x0000000008008114       0x46 USB_DEVICE/App/usbd_desc.o
 *(.rodata*)
 *fill*         0x000000000800815a        0x2 
 .rodata.AHBPrescTable
                0x000000000800815c       0x10 Core/Src/system_stm32f1xx.o
                0x000000000800815c                AHBPrescTable
 .rodata.APBPrescTable
                0x000000000800816c        0x8 Core/Src/system_stm32f1xx.o
                0x000000000800816c                APBPrescTable
 .rodata._svfprintf_r.str1.1
                0x0000000008008174       0x11 c:/st/stm32cubeide_1.5.1/stm32cubeide/plugins/com.st.stm32cube.ide.mcu.externaltools.gnu-tools-for-stm32.7-2018-q2-update.win32_1.5.0.202011040924/tools/bin/../lib/gcc/arm-none-eabi/7.3.1/../../../../arm-none-eabi/lib/thumb/v7-m\libc_nano.a(lib_a-nano-svfprintf.o)
 .rodata._printf_i.str1.1
                0x0000000008008185       0x22 c:/st/stm32cubeide_1.5.1/stm32cubeide/plugins/com.st.stm32cube.ide.mcu.externaltools.gnu-tools-for-stm32.7-2018-q2-update.win32_1.5.0.202011040924/tools/bin/../lib/gcc/arm-none-eabi/7.3.1/../../../../arm-none-eabi/lib/thumb/v7-m\libc_nano.a(lib_a-nano-vfprintf_i.o)
                0x00000000080081a8                . = ALIGN (0x4)
 *fill*         0x00000000080081a7        0x1 

.rel.dyn        0x00000000080081a8        0x0
 .rel.iplt      0x00000000080081a8        0x0 c:/st/stm32cubeide_1.5.1/stm32cubeide/plugins/com.st.stm32cube.ide.mcu.externaltools.gnu-tools-for-stm32.7-2018-q2-update.win32_1.5.0.202011040924/tools/bin/../lib/gcc/arm-none-eabi/7.3.1/thumb/v7-m/crtbegin.o

.ARM.extab      0x00000000080081a8        0x0
                0x00000000080081a8                . = ALIGN (0x4)
 *(.ARM.extab* .gnu.linkonce.armextab.*)
                0x00000000080081a8                . = ALIGN (0x4)

.ARM            0x00000000080081a8        0x0
                0x00000000080081a8                . = ALIGN (0x4)
                0x00000000080081a8                __exidx_start = .
 *(.ARM.exidx*)
                0x00000000080081a8                __exidx_end = .
                0x00000000080081a8                . = ALIGN (0x4)

.preinit_array  0x00000000080081a8        0x0
                0x00000000080081a8                . = ALIGN (0x4)
                0x00000000080081a8                PROVIDE (__preinit_array_start = .)
 *(.preinit_array*)
                0x00000000080081a8                PROVIDE (__preinit_array_end = .)
                0x00000000080081a8                . = ALIGN (0x4)

.init_array     0x00000000080081a8        0x4
                0x00000000080081a8                . = ALIGN (0x4)
                0x00000000080081a8                PROVIDE (__init_array_start = .)
 *(SORT_BY_NAME(.init_array.*))
 *(.init_array*)
 .init_array    0x00000000080081a8        0x4 c:/st/stm32cubeide_1.5.1/stm32cubeide/plugins/com.st.stm32cube.ide.mcu.externaltools.gnu-tools-for-stm32.7-2018-q2-update.win32_1.5.0.202011040924/tools/bin/../lib/gcc/arm-none-eabi/7.3.1/thumb/v7-m/crtbegin.o
                0x00000000080081ac                PROVIDE (__init_array_end = .)
                0x00000000080081ac                . = ALIGN (0x4)

.fini_array     0x00000000080081ac        0x4
                0x00000000080081ac                . = ALIGN (0x4)
                [!provide]                        PROVIDE (__fini_array_start = .)
 *(SORT_BY_NAME(.fini_array.*))
 *(.fini_array*)
 .fini_array    0x00000000080081ac        0x4 c:/st/stm32cubeide_1.5.1/stm32cubeide/plugins/com.st.stm32cube.ide.mcu.externaltools.gnu-tools-for-stm32.7-2018-q2-update.win32_1.5.0.202011040924/tools/bin/../lib/gcc/arm-none-eabi/7.3.1/thumb/v7-m/crtbegin.o
                [!provide]                        PROVIDE (__fini_array_end = .)
                0x00000000080081b0                . = ALIGN (0x4)
                0x00000000080081b0                _sidata = LOADADDR (.data)

.data           0x0000000020000000      0x1e0 load address 0x00000000080081b0
                0x0000000020000000                . = ALIGN (0x4)
                0x0000000020000000                _sdata = .
 *(.data)
 *(.data*)
 .data.SystemCoreClock
                0x0000000020000000        0x4 Core/Src/system_stm32f1xx.o
                0x0000000020000000                SystemCoreClock
 .data.uwTickPrio
                0x0000000020000004        0x4 Drivers/STM32F1xx_HAL_Driver/Src/stm32f1xx_hal.o
                0x0000000020000004                uwTickPrio
 .data.uwTickFreq
                0x0000000020000008        0x1 Drivers/STM32F1xx_HAL_Driver/Src/stm32f1xx_hal.o
                0x0000000020000008                uwTickFreq
 *fill*         0x0000000020000009        0x3 
 .data.USBD_CDC_DeviceQualifierDesc
                0x000000002000000c        0xa Middlewares/ST/STM32_USB_Device_Library/Class/CDC/Src/usbd_cdc.o
 *fill*         0x0000000020000016        0x2 
 .data.USBD_CDC
                0x0000000020000018       0x38 Middlewares/ST/STM32_USB_Device_Library/Class/CDC/Src/usbd_cdc.o
                0x0000000020000018                USBD_CDC
 .data.USBD_CDC_CfgHSDesc
                0x0000000020000050       0x43 Middlewares/ST/STM32_USB_Device_Library/Class/CDC/Src/usbd_cdc.o
                0x0000000020000050                USBD_CDC_CfgHSDesc
 *fill*         0x0000000020000093        0x1 
 .data.USBD_CDC_CfgFSDesc
                0x0000000020000094       0x43 Middlewares/ST/STM32_USB_Device_Library/Class/CDC/Src/usbd_cdc.o
                0x0000000020000094                USBD_CDC_CfgFSDesc
 *fill*         0x00000000200000d7        0x1 
 .data.USBD_CDC_OtherSpeedCfgDesc
                0x00000000200000d8       0x43 Middlewares/ST/STM32_USB_Device_Library/Class/CDC/Src/usbd_cdc.o
                0x00000000200000d8                USBD_CDC_OtherSpeedCfgDesc
 *fill*         0x000000002000011b        0x1 
 .data.USBD_Interface_fops_FS
                0x000000002000011c       0x10 USB_DEVICE/App/usbd_cdc_if.o
                0x000000002000011c                USBD_Interface_fops_FS
 .data.FS_Desc  0x000000002000012c       0x1c USB_DEVICE/App/usbd_desc.o
                0x000000002000012c                FS_Desc
 .data.USBD_FS_DeviceDesc
                0x0000000020000148       0x12 USB_DEVICE/App/usbd_desc.o
                0x0000000020000148                USBD_FS_DeviceDesc
 *fill*         0x000000002000015a        0x2 
 .data.USBD_LangIDDesc
                0x000000002000015c        0x4 USB_DEVICE/App/usbd_desc.o
                0x000000002000015c                USBD_LangIDDesc
 .data.USBD_StringSerial
                0x0000000020000160       0x1a USB_DEVICE/App/usbd_desc.o
                0x0000000020000160                USBD_StringSerial
 *fill*         0x000000002000017a        0x2 
 .data._impure_ptr
                0x000000002000017c        0x4 c:/st/stm32cubeide_1.5.1/stm32cubeide/plugins/com.st.stm32cube.ide.mcu.externaltools.gnu-tools-for-stm32.7-2018-q2-update.win32_1.5.0.202011040924/tools/bin/../lib/gcc/arm-none-eabi/7.3.1/../../../../arm-none-eabi/lib/thumb/v7-m\libc_nano.a(lib_a-impure.o)
                0x000000002000017c                _impure_ptr
 .data.impure_data
                0x0000000020000180       0x60 c:/st/stm32cubeide_1.5.1/stm32cubeide/plugins/com.st.stm32cube.ide.mcu.externaltools.gnu-tools-for-stm32.7-2018-q2-update.win32_1.5.0.202011040924/tools/bin/../lib/gcc/arm-none-eabi/7.3.1/../../../../arm-none-eabi/lib/thumb/v7-m\libc_nano.a(lib_a-impure.o)
 *(.RamFunc)
 *(.RamFunc*)
                0x00000000200001e0                . = ALIGN (0x4)
                0x00000000200001e0                _edata = .

.igot.plt       0x00000000200001e0        0x0 load address 0x0000000008008390
 .igot.plt      0x00000000200001e0        0x0 c:/st/stm32cubeide_1.5.1/stm32cubeide/plugins/com.st.stm32cube.ide.mcu.externaltools.gnu-tools-for-stm32.7-2018-q2-update.win32_1.5.0.202011040924/tools/bin/../lib/gcc/arm-none-eabi/7.3.1/thumb/v7-m/crtbegin.o
                0x00000000200001e0                . = ALIGN (0x4)

.bss            0x00000000200001e0     0x1304 load address 0x0000000008008390
                0x00000000200001e0                _sbss = .
                0x00000000200001e0                __bss_start__ = _sbss
 *(.bss)
 .bss           0x00000000200001e0       0x1c c:/st/stm32cubeide_1.5.1/stm32cubeide/plugins/com.st.stm32cube.ide.mcu.externaltools.gnu-tools-for-stm32.7-2018-q2-update.win32_1.5.0.202011040924/tools/bin/../lib/gcc/arm-none-eabi/7.3.1/thumb/v7-m/crtbegin.o
 *(.bss*)
 .bss.__sbrk_heap_end
                0x00000000200001fc        0x4 Core/Src/sysmem.o
 .bss.cfgidx.7767
                0x0000000020000200        0x1 Middlewares/ST/STM32_USB_Device_Library/Core/Src/usbd_ctlreq.o
 *fill*         0x0000000020000201        0x3 
 .bss.mem.7835  0x0000000020000204      0x220 USB_DEVICE/Target/usbd_conf.o
 .bss.__malloc_free_list
                0x0000000020000424        0x4 c:/st/stm32cubeide_1.5.1/stm32cubeide/plugins/com.st.stm32cube.ide.mcu.externaltools.gnu-tools-for-stm32.7-2018-q2-update.win32_1.5.0.202011040924/tools/bin/../lib/gcc/arm-none-eabi/7.3.1/../../../../arm-none-eabi/lib/thumb/v7-m\libc_nano.a(lib_a-nano-mallocr.o)
                0x0000000020000424                __malloc_free_list
 .bss.__malloc_sbrk_start
                0x0000000020000428        0x4 c:/st/stm32cubeide_1.5.1/stm32cubeide/plugins/com.st.stm32cube.ide.mcu.externaltools.gnu-tools-for-stm32.7-2018-q2-update.win32_1.5.0.202011040924/tools/bin/../lib/gcc/arm-none-eabi/7.3.1/../../../../arm-none-eabi/lib/thumb/v7-m\libc_nano.a(lib_a-nano-mallocr.o)
                0x0000000020000428                __malloc_sbrk_start
 *(COMMON)
 COMMON         0x000000002000042c      0x12f Core/Src/main.o
                0x000000002000042c                hadc1
                0x000000002000045c                gUSBRxBuffer
 *fill*         0x000000002000055b        0x1 
 COMMON         0x000000002000055c        0x4 Drivers/STM32F1xx_HAL_Driver/Src/stm32f1xx_hal.o
                0x000000002000055c                uwTick
 COMMON         0x0000000020000560      0x2c4 USB_DEVICE/App/usb_device.o
                0x0000000020000560                hUsbDeviceFS
 COMMON         0x0000000020000824      0x7d0 USB_DEVICE/App/usbd_cdc_if.o
                0x0000000020000824                UserRxBufferFS
                0x0000000020000c0c                UserTxBufferFS
 COMMON         0x0000000020000ff4      0x200 USB_DEVICE/App/usbd_desc.o
                0x0000000020000ff4                USBD_StrDesc
 COMMON         0x00000000200011f4      0x2ec USB_DEVICE/Target/usbd_conf.o
                0x00000000200011f4                hpcd_USB_FS
 COMMON         0x00000000200014e0        0x4 c:/st/stm32cubeide_1.5.1/stm32cubeide/plugins/com.st.stm32cube.ide.mcu.externaltools.gnu-tools-for-stm32.7-2018-q2-update.win32_1.5.0.202011040924/tools/bin/../lib/gcc/arm-none-eabi/7.3.1/../../../../arm-none-eabi/lib/thumb/v7-m\libc_nano.a(lib_a-reent.o)
                0x00000000200014e0                errno
                0x00000000200014e4                . = ALIGN (0x4)
                0x00000000200014e4                _ebss = .
                0x00000000200014e4                __bss_end__ = _ebss

._user_heap_stack
                0x00000000200014e4      0x604 load address 0x0000000008008390
                0x00000000200014e8                . = ALIGN (0x8)
 *fill*         0x00000000200014e4        0x4 
                [!provide]                        PROVIDE (end = .)
                0x00000000200014e8                PROVIDE (_end = .)
                0x00000000200016e8                . = (. + _Min_Heap_Size)
 *fill*         0x00000000200014e8      0x200 
                0x0000000020001ae8                . = (. + _Min_Stack_Size)
 *fill*         0x00000000200016e8      0x400 
                0x0000000020001ae8                . = ALIGN (0x8)

/DISCARD/
 libc.a(*)
 libm.a(*)
 libgcc.a(*)

.ARM.attributes
                0x0000000000000000       0x29
 *(.ARM.attributes)
 .ARM.attributes
                0x0000000000000000       0x1d c:/st/stm32cubeide_1.5.1/stm32cubeide/plugins/com.st.stm32cube.ide.mcu.externaltools.gnu-tools-for-stm32.7-2018-q2-update.win32_1.5.0.202011040924/tools/bin/../lib/gcc/arm-none-eabi/7.3.1/thumb/v7-m/crti.o
 .ARM.attributes
                0x000000000000001d       0x2d c:/st/stm32cubeide_1.5.1/stm32cubeide/plugins/com.st.stm32cube.ide.mcu.externaltools.gnu-tools-for-stm32.7-2018-q2-update.win32_1.5.0.202011040924/tools/bin/../lib/gcc/arm-none-eabi/7.3.1/thumb/v7-m/crtbegin.o
 .ARM.attributes
                0x000000000000004a       0x33 Core/Src/main.o
 .ARM.attributes
                0x000000000000007d       0x33 Core/Src/stm32f1xx_hal_msp.o
 .ARM.attributes
                0x00000000000000b0       0x33 Core/Src/stm32f1xx_it.o
 .ARM.attributes
                0x00000000000000e3       0x33 Core/Src/sysmem.o
 .ARM.attributes
                0x0000000000000116       0x33 Core/Src/system_stm32f1xx.o
 .ARM.attributes
                0x0000000000000149       0x21 Core/Startup/startup_stm32f103c8tx.o
 .ARM.attributes
                0x000000000000016a       0x33 Drivers/STM32F1xx_HAL_Driver/Src/stm32f1xx_hal.o
 .ARM.attributes
                0x000000000000019d       0x33 Drivers/STM32F1xx_HAL_Driver/Src/stm32f1xx_hal_adc.o
 .ARM.attributes
                0x00000000000001d0       0x33 Drivers/STM32F1xx_HAL_Driver/Src/stm32f1xx_hal_cortex.o
 .ARM.attributes
                0x0000000000000203       0x33 Drivers/STM32F1xx_HAL_Driver/Src/stm32f1xx_hal_gpio.o
 .ARM.attributes
                0x0000000000000236       0x33 Drivers/STM32F1xx_HAL_Driver/Src/stm32f1xx_hal_pcd.o
 .ARM.attributes
                0x0000000000000269       0x33 Drivers/STM32F1xx_HAL_Driver/Src/stm32f1xx_hal_pcd_ex.o
 .ARM.attributes
                0x000000000000029c       0x33 Drivers/STM32F1xx_HAL_Driver/Src/stm32f1xx_hal_rcc.o
 .ARM.attributes
                0x00000000000002cf       0x33 Drivers/STM32F1xx_HAL_Driver/Src/stm32f1xx_hal_rcc_ex.o
 .ARM.attributes
                0x0000000000000302       0x33 Drivers/STM32F1xx_HAL_Driver/Src/stm32f1xx_ll_usb.o
 .ARM.attributes
                0x0000000000000335       0x33 Middlewares/ST/STM32_USB_Device_Library/Class/CDC/Src/usbd_cdc.o
 .ARM.attributes
                0x0000000000000368       0x33 Middlewares/ST/STM32_USB_Device_Library/Core/Src/usbd_core.o
 .ARM.attributes
                0x000000000000039b       0x33 Middlewares/ST/STM32_USB_Device_Library/Core/Src/usbd_ctlreq.o
 .ARM.attributes
                0x00000000000003ce       0x33 Middlewares/ST/STM32_USB_Device_Library/Core/Src/usbd_ioreq.o
 .ARM.attributes
                0x0000000000000401       0x33 USB_DEVICE/App/usb_device.o
 .ARM.attributes
                0x0000000000000434       0x33 USB_DEVICE/App/usbd_cdc_if.o
 .ARM.attributes
                0x0000000000000467       0x33 USB_DEVICE/App/usbd_desc.o
 .ARM.attributes
                0x000000000000049a       0x33 USB_DEVICE/Target/usbd_conf.o
 .ARM.attributes
                0x00000000000004cd       0x2d c:/st/stm32cubeide_1.5.1/stm32cubeide/plugins/com.st.stm32cube.ide.mcu.externaltools.gnu-tools-for-stm32.7-2018-q2-update.win32_1.5.0.202011040924/tools/bin/../lib/gcc/arm-none-eabi/7.3.1/../../../../arm-none-eabi/lib/thumb/v7-m\libc_nano.a(lib_a-errno.o)
 .ARM.attributes
                0x00000000000004fa       0x2d c:/st/stm32cubeide_1.5.1/stm32cubeide/plugins/com.st.stm32cube.ide.mcu.externaltools.gnu-tools-for-stm32.7-2018-q2-update.win32_1.5.0.202011040924/tools/bin/../lib/gcc/arm-none-eabi/7.3.1/../../../../arm-none-eabi/lib/thumb/v7-m\libc_nano.a(lib_a-impure.o)
 .ARM.attributes
                0x0000000000000527       0x2d c:/st/stm32cubeide_1.5.1/stm32cubeide/plugins/com.st.stm32cube.ide.mcu.externaltools.gnu-tools-for-stm32.7-2018-q2-update.win32_1.5.0.202011040924/tools/bin/../lib/gcc/arm-none-eabi/7.3.1/../../../../arm-none-eabi/lib/thumb/v7-m\libc_nano.a(lib_a-init.o)
 .ARM.attributes
                0x0000000000000554       0x2d c:/st/stm32cubeide_1.5.1/stm32cubeide/plugins/com.st.stm32cube.ide.mcu.externaltools.gnu-tools-for-stm32.7-2018-q2-update.win32_1.5.0.202011040924/tools/bin/../lib/gcc/arm-none-eabi/7.3.1/../../../../arm-none-eabi/lib/thumb/v7-m\libc_nano.a(lib_a-memcpy-stub.o)
 .ARM.attributes
                0x0000000000000581       0x2d c:/st/stm32cubeide_1.5.1/stm32cubeide/plugins/com.st.stm32cube.ide.mcu.externaltools.gnu-tools-for-stm32.7-2018-q2-update.win32_1.5.0.202011040924/tools/bin/../lib/gcc/arm-none-eabi/7.3.1/../../../../arm-none-eabi/lib/thumb/v7-m\libc_nano.a(lib_a-memset.o)
 .ARM.attributes
                0x00000000000005ae       0x2d c:/st/stm32cubeide_1.5.1/stm32cubeide/plugins/com.st.stm32cube.ide.mcu.externaltools.gnu-tools-for-stm32.7-2018-q2-update.win32_1.5.0.202011040924/tools/bin/../lib/gcc/arm-none-eabi/7.3.1/../../../../arm-none-eabi/lib/thumb/v7-m\libc_nano.a(lib_a-sprintf.o)
 .ARM.attributes
                0x00000000000005db       0x17 c:/st/stm32cubeide_1.5.1/stm32cubeide/plugins/com.st.stm32cube.ide.mcu.externaltools.gnu-tools-for-stm32.7-2018-q2-update.win32_1.5.0.202011040924/tools/bin/../lib/gcc/arm-none-eabi/7.3.1/../../../../arm-none-eabi/lib/thumb/v7-m\libc_nano.a(lib_a-strlen.o)
 .ARM.attributes
                0x00000000000005f2       0x2d c:/st/stm32cubeide_1.5.1/stm32cubeide/plugins/com.st.stm32cube.ide.mcu.externaltools.gnu-tools-for-stm32.7-2018-q2-update.win32_1.5.0.202011040924/tools/bin/../lib/gcc/arm-none-eabi/7.3.1/../../../../arm-none-eabi/lib/thumb/v7-m\libc_nano.a(lib_a-nano-svfprintf.o)
 .ARM.attributes
                0x000000000000061f       0x2d c:/st/stm32cubeide_1.5.1/stm32cubeide/plugins/com.st.stm32cube.ide.mcu.externaltools.gnu-tools-for-stm32.7-2018-q2-update.win32_1.5.0.202011040924/tools/bin/../lib/gcc/arm-none-eabi/7.3.1/../../../../arm-none-eabi/lib/thumb/v7-m\libc_nano.a(lib_a-nano-vfprintf_i.o)
 .ARM.attributes
                0x000000000000064c       0x2d c:/st/stm32cubeide_1.5.1/stm32cubeide/plugins/com.st.stm32cube.ide.mcu.externaltools.gnu-tools-for-stm32.7-2018-q2-update.win32_1.5.0.202011040924/tools/bin/../lib/gcc/arm-none-eabi/7.3.1/../../../../arm-none-eabi/lib/thumb/v7-m\libc_nano.a(lib_a-memchr-stub.o)
 .ARM.attributes
                0x0000000000000679       0x2d c:/st/stm32cubeide_1.5.1/stm32cubeide/plugins/com.st.stm32cube.ide.mcu.externaltools.gnu-tools-for-stm32.7-2018-q2-update.win32_1.5.0.202011040924/tools/bin/../lib/gcc/arm-none-eabi/7.3.1/../../../../arm-none-eabi/lib/thumb/v7-m\libc_nano.a(lib_a-memmove.o)
 .ARM.attributes
                0x00000000000006a6       0x2d c:/st/stm32cubeide_1.5.1/stm32cubeide/plugins/com.st.stm32cube.ide.mcu.externaltools.gnu-tools-for-stm32.7-2018-q2-update.win32_1.5.0.202011040924/tools/bin/../lib/gcc/arm-none-eabi/7.3.1/../../../../arm-none-eabi/lib/thumb/v7-m\libc_nano.a(lib_a-nano-freer.o)
 .ARM.attributes
                0x00000000000006d3       0x2d c:/st/stm32cubeide_1.5.1/stm32cubeide/plugins/com.st.stm32cube.ide.mcu.externaltools.gnu-tools-for-stm32.7-2018-q2-update.win32_1.5.0.202011040924/tools/bin/../lib/gcc/arm-none-eabi/7.3.1/../../../../arm-none-eabi/lib/thumb/v7-m\libc_nano.a(lib_a-nano-mallocr.o)
 .ARM.attributes
                0x0000000000000700       0x2d c:/st/stm32cubeide_1.5.1/stm32cubeide/plugins/com.st.stm32cube.ide.mcu.externaltools.gnu-tools-for-stm32.7-2018-q2-update.win32_1.5.0.202011040924/tools/bin/../lib/gcc/arm-none-eabi/7.3.1/../../../../arm-none-eabi/lib/thumb/v7-m\libc_nano.a(lib_a-nano-reallocr.o)
 .ARM.attributes
                0x000000000000072d       0x2d c:/st/stm32cubeide_1.5.1/stm32cubeide/plugins/com.st.stm32cube.ide.mcu.externaltools.gnu-tools-for-stm32.7-2018-q2-update.win32_1.5.0.202011040924/tools/bin/../lib/gcc/arm-none-eabi/7.3.1/../../../../arm-none-eabi/lib/thumb/v7-m\libc_nano.a(lib_a-sbrkr.o)
 .ARM.attributes
                0x000000000000075a       0x2d c:/st/stm32cubeide_1.5.1/stm32cubeide/plugins/com.st.stm32cube.ide.mcu.externaltools.gnu-tools-for-stm32.7-2018-q2-update.win32_1.5.0.202011040924/tools/bin/../lib/gcc/arm-none-eabi/7.3.1/../../../../arm-none-eabi/lib/thumb/v7-m\libc_nano.a(lib_a-mlock.o)
 .ARM.attributes
                0x0000000000000787       0x2d c:/st/stm32cubeide_1.5.1/stm32cubeide/plugins/com.st.stm32cube.ide.mcu.externaltools.gnu-tools-for-stm32.7-2018-q2-update.win32_1.5.0.202011040924/tools/bin/../lib/gcc/arm-none-eabi/7.3.1/../../../../arm-none-eabi/lib/thumb/v7-m\libc_nano.a(lib_a-nano-msizer.o)
 .ARM.attributes
                0x00000000000007b4       0x2d c:/st/stm32cubeide_1.5.1/stm32cubeide/plugins/com.st.stm32cube.ide.mcu.externaltools.gnu-tools-for-stm32.7-2018-q2-update.win32_1.5.0.202011040924/tools/bin/../lib/gcc/arm-none-eabi/7.3.1/../../../../arm-none-eabi/lib/thumb/v7-m\libc_nano.a(lib_a-reent.o)
 .ARM.attributes
                0x00000000000007e1       0x1d c:/st/stm32cubeide_1.5.1/stm32cubeide/plugins/com.st.stm32cube.ide.mcu.externaltools.gnu-tools-for-stm32.7-2018-q2-update.win32_1.5.0.202011040924/tools/bin/../lib/gcc/arm-none-eabi/7.3.1/thumb/v7-m/crtn.o
OUTPUT(USB.elf elf32-littlearm)

.debug_info     0x0000000000000000    0x124c8
 .debug_info    0x0000000000000000     0x12bc Core/Src/main.o
 .debug_info    0x00000000000012bc      0x831 Core/Src/stm32f1xx_hal_msp.o
 .debug_info    0x0000000000001aed      0x6a6 Core/Src/stm32f1xx_it.o
 .debug_info    0x0000000000002193      0x985 Core/Src/sysmem.o
 .debug_info    0x0000000000002b18      0x29a Core/Src/system_stm32f1xx.o
 .debug_info    0x0000000000002db2       0x22 Core/Startup/startup_stm32f103c8tx.o
 .debug_info    0x0000000000002dd4      0x714 Drivers/STM32F1xx_HAL_Driver/Src/stm32f1xx_hal.o
 .debug_info    0x00000000000034e8      0xc6c Drivers/STM32F1xx_HAL_Driver/Src/stm32f1xx_hal_adc.o
 .debug_info    0x0000000000004154      0xb51 Drivers/STM32F1xx_HAL_Driver/Src/stm32f1xx_hal_cortex.o
 .debug_info    0x0000000000004ca5      0x69b Drivers/STM32F1xx_HAL_Driver/Src/stm32f1xx_hal_gpio.o
 .debug_info    0x0000000000005340     0x122f Drivers/STM32F1xx_HAL_Driver/Src/stm32f1xx_hal_pcd.o
 .debug_info    0x000000000000656f      0x785 Drivers/STM32F1xx_HAL_Driver/Src/stm32f1xx_hal_pcd_ex.o
 .debug_info    0x0000000000006cf4      0x80f Drivers/STM32F1xx_HAL_Driver/Src/stm32f1xx_hal_rcc.o
 .debug_info    0x0000000000007503      0x444 Drivers/STM32F1xx_HAL_Driver/Src/stm32f1xx_hal_rcc_ex.o
 .debug_info    0x0000000000007947     0x17e7 Drivers/STM32F1xx_HAL_Driver/Src/stm32f1xx_ll_usb.o
 .debug_info    0x000000000000912e     0x17b6 Middlewares/ST/STM32_USB_Device_Library/Class/CDC/Src/usbd_cdc.o
 .debug_info    0x000000000000a8e4     0x11d2 Middlewares/ST/STM32_USB_Device_Library/Core/Src/usbd_core.o
 .debug_info    0x000000000000bab6     0x1142 Middlewares/ST/STM32_USB_Device_Library/Core/Src/usbd_ctlreq.o
 .debug_info    0x000000000000cbf8      0xf33 Middlewares/ST/STM32_USB_Device_Library/Core/Src/usbd_ioreq.o
 .debug_info    0x000000000000db2b      0xe7b USB_DEVICE/App/usb_device.o
 .debug_info    0x000000000000e9a6     0x1051 USB_DEVICE/App/usbd_cdc_if.o
 .debug_info    0x000000000000f9f7      0xd17 USB_DEVICE/App/usbd_desc.o
 .debug_info    0x000000000001070e     0x1dba USB_DEVICE/Target/usbd_conf.o

.debug_abbrev   0x0000000000000000     0x2d1b
 .debug_abbrev  0x0000000000000000      0x25a Core/Src/main.o
 .debug_abbrev  0x000000000000025a      0x18c Core/Src/stm32f1xx_hal_msp.o
 .debug_abbrev  0x00000000000003e6      0x155 Core/Src/stm32f1xx_it.o
 .debug_abbrev  0x000000000000053b      0x19b Core/Src/sysmem.o
 .debug_abbrev  0x00000000000006d6      0x134 Core/Src/system_stm32f1xx.o
 .debug_abbrev  0x000000000000080a       0x12 Core/Startup/startup_stm32f103c8tx.o
 .debug_abbrev  0x000000000000081c      0x1c7 Drivers/STM32F1xx_HAL_Driver/Src/stm32f1xx_hal.o
 .debug_abbrev  0x00000000000009e3      0x1d5 Drivers/STM32F1xx_HAL_Driver/Src/stm32f1xx_hal_adc.o
 .debug_abbrev  0x0000000000000bb8      0x2d5 Drivers/STM32F1xx_HAL_Driver/Src/stm32f1xx_hal_cortex.o
 .debug_abbrev  0x0000000000000e8d      0x1c0 Drivers/STM32F1xx_HAL_Driver/Src/stm32f1xx_hal_gpio.o
 .debug_abbrev  0x000000000000104d      0x268 Drivers/STM32F1xx_HAL_Driver/Src/stm32f1xx_hal_pcd.o
 .debug_abbrev  0x00000000000012b5      0x188 Drivers/STM32F1xx_HAL_Driver/Src/stm32f1xx_hal_pcd_ex.o
 .debug_abbrev  0x000000000000143d      0x243 Drivers/STM32F1xx_HAL_Driver/Src/stm32f1xx_hal_rcc.o
 .debug_abbrev  0x0000000000001680      0x175 Drivers/STM32F1xx_HAL_Driver/Src/stm32f1xx_hal_rcc_ex.o
 .debug_abbrev  0x00000000000017f5      0x1d2 Drivers/STM32F1xx_HAL_Driver/Src/stm32f1xx_ll_usb.o
 .debug_abbrev  0x00000000000019c7      0x2b6 Middlewares/ST/STM32_USB_Device_Library/Class/CDC/Src/usbd_cdc.o
 .debug_abbrev  0x0000000000001c7d      0x270 Middlewares/ST/STM32_USB_Device_Library/Core/Src/usbd_core.o
 .debug_abbrev  0x0000000000001eed      0x2a0 Middlewares/ST/STM32_USB_Device_Library/Core/Src/usbd_ctlreq.o
 .debug_abbrev  0x000000000000218d      0x1e0 Middlewares/ST/STM32_USB_Device_Library/Core/Src/usbd_ioreq.o
 .debug_abbrev  0x000000000000236d      0x1be USB_DEVICE/App/usb_device.o
 .debug_abbrev  0x000000000000252b      0x285 USB_DEVICE/App/usbd_cdc_if.o
 .debug_abbrev  0x00000000000027b0      0x290 USB_DEVICE/App/usbd_desc.o
 .debug_abbrev  0x0000000000002a40      0x2db USB_DEVICE/Target/usbd_conf.o

.debug_aranges  0x0000000000000000      0xb88
 .debug_aranges
                0x0000000000000000       0x40 Core/Src/main.o
 .debug_aranges
                0x0000000000000040       0x30 Core/Src/stm32f1xx_hal_msp.o
 .debug_aranges
                0x0000000000000070       0x68 Core/Src/stm32f1xx_it.o
 .debug_aranges
                0x00000000000000d8       0x20 Core/Src/sysmem.o
 .debug_aranges
                0x00000000000000f8       0x28 Core/Src/system_stm32f1xx.o
 .debug_aranges
                0x0000000000000120       0x28 Core/Startup/startup_stm32f103c8tx.o
 .debug_aranges
                0x0000000000000148       0xe0 Drivers/STM32F1xx_HAL_Driver/Src/stm32f1xx_hal.o
 .debug_aranges
                0x0000000000000228       0xf0 Drivers/STM32F1xx_HAL_Driver/Src/stm32f1xx_hal_adc.o
 .debug_aranges
                0x0000000000000318      0x100 Drivers/STM32F1xx_HAL_Driver/Src/stm32f1xx_hal_cortex.o
 .debug_aranges
                0x0000000000000418       0x58 Drivers/STM32F1xx_HAL_Driver/Src/stm32f1xx_hal_gpio.o
 .debug_aranges
                0x0000000000000470      0x138 Drivers/STM32F1xx_HAL_Driver/Src/stm32f1xx_hal_pcd.o
 .debug_aranges
                0x00000000000005a8       0x38 Drivers/STM32F1xx_HAL_Driver/Src/stm32f1xx_hal_pcd_ex.o
 .debug_aranges
                0x00000000000005e0       0x90 Drivers/STM32F1xx_HAL_Driver/Src/stm32f1xx_hal_rcc.o
 .debug_aranges
                0x0000000000000670       0x30 Drivers/STM32F1xx_HAL_Driver/Src/stm32f1xx_hal_rcc_ex.o
 .debug_aranges
                0x00000000000006a0       0xf0 Drivers/STM32F1xx_HAL_Driver/Src/stm32f1xx_ll_usb.o
 .debug_aranges
                0x0000000000000790       0x90 Middlewares/ST/STM32_USB_Device_Library/Class/CDC/Src/usbd_cdc.o
 .debug_aranges
                0x0000000000000820       0xb8 Middlewares/ST/STM32_USB_Device_Library/Core/Src/usbd_core.o
 .debug_aranges
                0x00000000000008d8       0x88 Middlewares/ST/STM32_USB_Device_Library/Core/Src/usbd_ctlreq.o
 .debug_aranges
                0x0000000000000960       0x50 Middlewares/ST/STM32_USB_Device_Library/Core/Src/usbd_ioreq.o
 .debug_aranges
                0x00000000000009b0       0x20 USB_DEVICE/App/usb_device.o
 .debug_aranges
                0x00000000000009d0       0x40 USB_DEVICE/App/usbd_cdc_if.o
 .debug_aranges
                0x0000000000000a10       0x60 USB_DEVICE/App/usbd_desc.o
 .debug_aranges
                0x0000000000000a70      0x118 USB_DEVICE/Target/usbd_conf.o

.debug_ranges   0x0000000000000000      0xa20
 .debug_ranges  0x0000000000000000       0x30 Core/Src/main.o
 .debug_ranges  0x0000000000000030       0x20 Core/Src/stm32f1xx_hal_msp.o
 .debug_ranges  0x0000000000000050       0x58 Core/Src/stm32f1xx_it.o
 .debug_ranges  0x00000000000000a8       0x10 Core/Src/sysmem.o
 .debug_ranges  0x00000000000000b8       0x18 Core/Src/system_stm32f1xx.o
 .debug_ranges  0x00000000000000d0       0x20 Core/Startup/startup_stm32f103c8tx.o
 .debug_ranges  0x00000000000000f0       0xd0 Drivers/STM32F1xx_HAL_Driver/Src/stm32f1xx_hal.o
 .debug_ranges  0x00000000000001c0       0xe0 Drivers/STM32F1xx_HAL_Driver/Src/stm32f1xx_hal_adc.o
 .debug_ranges  0x00000000000002a0       0xf0 Drivers/STM32F1xx_HAL_Driver/Src/stm32f1xx_hal_cortex.o
 .debug_ranges  0x0000000000000390       0x48 Drivers/STM32F1xx_HAL_Driver/Src/stm32f1xx_hal_gpio.o
 .debug_ranges  0x00000000000003d8      0x128 Drivers/STM32F1xx_HAL_Driver/Src/stm32f1xx_hal_pcd.o
 .debug_ranges  0x0000000000000500       0x28 Drivers/STM32F1xx_HAL_Driver/Src/stm32f1xx_hal_pcd_ex.o
 .debug_ranges  0x0000000000000528       0x80 Drivers/STM32F1xx_HAL_Driver/Src/stm32f1xx_hal_rcc.o
 .debug_ranges  0x00000000000005a8       0x20 Drivers/STM32F1xx_HAL_Driver/Src/stm32f1xx_hal_rcc_ex.o
 .debug_ranges  0x00000000000005c8       0xe0 Drivers/STM32F1xx_HAL_Driver/Src/stm32f1xx_ll_usb.o
 .debug_ranges  0x00000000000006a8       0x80 Middlewares/ST/STM32_USB_Device_Library/Class/CDC/Src/usbd_cdc.o
 .debug_ranges  0x0000000000000728       0xa8 Middlewares/ST/STM32_USB_Device_Library/Core/Src/usbd_core.o
 .debug_ranges  0x00000000000007d0       0x78 Middlewares/ST/STM32_USB_Device_Library/Core/Src/usbd_ctlreq.o
 .debug_ranges  0x0000000000000848       0x40 Middlewares/ST/STM32_USB_Device_Library/Core/Src/usbd_ioreq.o
 .debug_ranges  0x0000000000000888       0x10 USB_DEVICE/App/usb_device.o
 .debug_ranges  0x0000000000000898       0x30 USB_DEVICE/App/usbd_cdc_if.o
 .debug_ranges  0x00000000000008c8       0x50 USB_DEVICE/App/usbd_desc.o
 .debug_ranges  0x0000000000000918      0x108 USB_DEVICE/Target/usbd_conf.o

.debug_macro    0x0000000000000000    0x1a209
 .debug_macro   0x0000000000000000      0x3a8 Core/Src/main.o
 .debug_macro   0x00000000000003a8      0xa5a Core/Src/main.o
 .debug_macro   0x0000000000000e02      0x21b Core/Src/main.o
 .debug_macro   0x000000000000101d       0x2e Core/Src/main.o
 .debug_macro   0x000000000000104b       0x22 Core/Src/main.o
 .debug_macro   0x000000000000106d       0x22 Core/Src/main.o
 .debug_macro   0x000000000000108f       0x8e Core/Src/main.o
 .debug_macro   0x000000000000111d       0x51 Core/Src/main.o
 .debug_macro   0x000000000000116e       0xef Core/Src/main.o
 .debug_macro   0x000000000000125d       0x6a Core/Src/main.o
 .debug_macro   0x00000000000012c7      0x1df Core/Src/main.o
 .debug_macro   0x00000000000014a6       0x1c Core/Src/main.o
 .debug_macro   0x00000000000014c2       0x22 Core/Src/main.o
 .debug_macro   0x00000000000014e4       0xc3 Core/Src/main.o
 .debug_macro   0x00000000000015a7      0xd23 Core/Src/main.o
 .debug_macro   0x00000000000022ca     0xe097 Core/Src/main.o
 .debug_macro   0x0000000000010361       0x43 Core/Src/main.o
 .debug_macro   0x00000000000103a4     0x3468 Core/Src/main.o
 .debug_macro   0x000000000001380c      0x174 Core/Src/main.o
 .debug_macro   0x0000000000013980       0x5c Core/Src/main.o
 .debug_macro   0x00000000000139dc      0x5be Core/Src/main.o
 .debug_macro   0x0000000000013f9a      0x289 Core/Src/main.o
 .debug_macro   0x0000000000014223      0x1cb Core/Src/main.o
 .debug_macro   0x00000000000143ee      0x114 Core/Src/main.o
 .debug_macro   0x0000000000014502      0x1b2 Core/Src/main.o
 .debug_macro   0x00000000000146b4       0x27 Core/Src/main.o
 .debug_macro   0x00000000000146db      0x136 Core/Src/main.o
 .debug_macro   0x0000000000014811      0x1bc Core/Src/main.o
 .debug_macro   0x00000000000149cd       0x34 Core/Src/main.o
 .debug_macro   0x0000000000014a01       0x3c Core/Src/main.o
 .debug_macro   0x0000000000014a3d       0x57 Core/Src/main.o
 .debug_macro   0x0000000000014a94      0x46a Core/Src/main.o
 .debug_macro   0x0000000000014efe      0x1b5 Core/Src/main.o
 .debug_macro   0x00000000000150b3       0x88 Core/Src/main.o
 .debug_macro   0x000000000001513b      0x241 Core/Src/main.o
 .debug_macro   0x000000000001537c      0x141 Core/Src/main.o
 .debug_macro   0x00000000000154bd       0x65 Core/Src/main.o
 .debug_macro   0x0000000000015522      0x249 Core/Src/main.o
 .debug_macro   0x000000000001576b       0x83 Core/Src/main.o
 .debug_macro   0x00000000000157ee       0x46 Core/Src/main.o
 .debug_macro   0x0000000000015834       0x18 Core/Src/main.o
 .debug_macro   0x000000000001584c       0x3c Core/Src/main.o
 .debug_macro   0x0000000000015888       0x34 Core/Src/main.o
 .debug_macro   0x00000000000158bc       0x16 Core/Src/main.o
 .debug_macro   0x00000000000158d2       0x35 Core/Src/main.o
 .debug_macro   0x0000000000015907      0x32a Core/Src/main.o
 .debug_macro   0x0000000000015c31       0x10 Core/Src/main.o
 .debug_macro   0x0000000000015c41       0x52 Core/Src/main.o
 .debug_macro   0x0000000000015c93       0x1f Core/Src/main.o
 .debug_macro   0x0000000000015cb2       0x43 Core/Src/main.o
 .debug_macro   0x0000000000015cf5       0x20 Core/Src/main.o
 .debug_macro   0x0000000000015d15      0x1a3 Core/Src/main.o
 .debug_macro   0x0000000000015eb8       0x10 Core/Src/main.o
 .debug_macro   0x0000000000015ec8       0x1c Core/Src/main.o
 .debug_macro   0x0000000000015ee4       0x52 Core/Src/main.o
 .debug_macro   0x0000000000015f36       0x40 Core/Src/main.o
 .debug_macro   0x0000000000015f76       0x10 Core/Src/main.o
 .debug_macro   0x0000000000015f86       0x40 Core/Src/main.o
 .debug_macro   0x0000000000015fc6       0xd7 Core/Src/main.o
 .debug_macro   0x000000000001609d       0x1c Core/Src/main.o
 .debug_macro   0x00000000000160b9       0x3d Core/Src/main.o
 .debug_macro   0x00000000000160f6       0x16 Core/Src/main.o
 .debug_macro   0x000000000001610c      0x145 Core/Src/main.o
 .debug_macro   0x0000000000016251       0x16 Core/Src/main.o
 .debug_macro   0x0000000000016267       0x16 Core/Src/main.o
 .debug_macro   0x000000000001627d       0x29 Core/Src/main.o
 .debug_macro   0x00000000000162a6       0x16 Core/Src/main.o
 .debug_macro   0x00000000000162bc       0x20 Core/Src/main.o
 .debug_macro   0x00000000000162dc       0x60 Core/Src/main.o
 .debug_macro   0x000000000001633c      0x1c8 Core/Src/main.o
 .debug_macro   0x0000000000016504      0x1c6 Core/Src/stm32f1xx_hal_msp.o
 .debug_macro   0x00000000000166ca      0x1d0 Core/Src/stm32f1xx_it.o
 .debug_macro   0x000000000001689a       0xee Core/Src/sysmem.o
 .debug_macro   0x0000000000016988      0x23b Core/Src/sysmem.o
 .debug_macro   0x0000000000016bc3      0x1bc Core/Src/system_stm32f1xx.o
 .debug_macro   0x0000000000016d7f      0x1e0 Drivers/STM32F1xx_HAL_Driver/Src/stm32f1xx_hal.o
 .debug_macro   0x0000000000016f5f      0x1d9 Drivers/STM32F1xx_HAL_Driver/Src/stm32f1xx_hal_adc.o
 .debug_macro   0x0000000000017138      0x1bc Drivers/STM32F1xx_HAL_Driver/Src/stm32f1xx_hal_cortex.o
 .debug_macro   0x00000000000172f4      0x227 Drivers/STM32F1xx_HAL_Driver/Src/stm32f1xx_hal_gpio.o
 .debug_macro   0x000000000001751b      0x1c8 Drivers/STM32F1xx_HAL_Driver/Src/stm32f1xx_hal_pcd.o
 .debug_macro   0x00000000000176e3      0x1bc Drivers/STM32F1xx_HAL_Driver/Src/stm32f1xx_hal_pcd_ex.o
 .debug_macro   0x000000000001789f      0x1ce Drivers/STM32F1xx_HAL_Driver/Src/stm32f1xx_hal_rcc.o
 .debug_macro   0x0000000000017a6d      0x1bc Drivers/STM32F1xx_HAL_Driver/Src/stm32f1xx_hal_rcc_ex.o
 .debug_macro   0x0000000000017c29      0x1bc Drivers/STM32F1xx_HAL_Driver/Src/stm32f1xx_ll_usb.o
 .debug_macro   0x0000000000017de5      0x3d3 Middlewares/ST/STM32_USB_Device_Library/Class/CDC/Src/usbd_cdc.o
 .debug_macro   0x00000000000181b8       0x97 Middlewares/ST/STM32_USB_Device_Library/Class/CDC/Src/usbd_cdc.o
 .debug_macro   0x000000000001824f       0xfd Middlewares/ST/STM32_USB_Device_Library/Class/CDC/Src/usbd_cdc.o
 .debug_macro   0x000000000001834c       0xbd Middlewares/ST/STM32_USB_Device_Library/Class/CDC/Src/usbd_cdc.o
 .debug_macro   0x0000000000018409       0x56 Middlewares/ST/STM32_USB_Device_Library/Class/CDC/Src/usbd_cdc.o
 .debug_macro   0x000000000001845f       0x8f Middlewares/ST/STM32_USB_Device_Library/Class/CDC/Src/usbd_cdc.o
 .debug_macro   0x00000000000184ee      0x3ba Middlewares/ST/STM32_USB_Device_Library/Core/Src/usbd_core.o
 .debug_macro   0x00000000000188a8      0x1ce Middlewares/ST/STM32_USB_Device_Library/Core/Src/usbd_core.o
 .debug_macro   0x0000000000018a76      0x3c4 Middlewares/ST/STM32_USB_Device_Library/Core/Src/usbd_ctlreq.o
 .debug_macro   0x0000000000018e3a      0x3c0 Middlewares/ST/STM32_USB_Device_Library/Core/Src/usbd_ioreq.o
 .debug_macro   0x00000000000191fa      0x3f9 USB_DEVICE/App/usb_device.o
 .debug_macro   0x00000000000195f3       0x22 USB_DEVICE/App/usb_device.o
 .debug_macro   0x0000000000019615       0x16 USB_DEVICE/App/usb_device.o
 .debug_macro   0x000000000001962b      0x3de USB_DEVICE/App/usbd_cdc_if.o
 .debug_macro   0x0000000000019a09       0x10 USB_DEVICE/App/usbd_cdc_if.o
 .debug_macro   0x0000000000019a19      0x3f7 USB_DEVICE/App/usbd_desc.o
 .debug_macro   0x0000000000019e10       0x1c USB_DEVICE/App/usbd_desc.o
 .debug_macro   0x0000000000019e2c      0x3dd USB_DEVICE/Target/usbd_conf.o

.debug_line     0x0000000000000000     0xd35f
 .debug_line    0x0000000000000000      0x9f4 Core/Src/main.o
 .debug_line    0x00000000000009f4      0x6d3 Core/Src/stm32f1xx_hal_msp.o
 .debug_line    0x00000000000010c7      0x760 Core/Src/stm32f1xx_it.o
 .debug_line    0x0000000000001827      0x4c7 Core/Src/sysmem.o
 .debug_line    0x0000000000001cee      0x6ce Core/Src/system_stm32f1xx.o
 .debug_line    0x00000000000023bc       0x84 Core/Startup/startup_stm32f103c8tx.o
 .debug_line    0x0000000000002440      0x881 Drivers/STM32F1xx_HAL_Driver/Src/stm32f1xx_hal.o
 .debug_line    0x0000000000002cc1      0xbd2 Drivers/STM32F1xx_HAL_Driver/Src/stm32f1xx_hal_adc.o
 .debug_line    0x0000000000003893      0x958 Drivers/STM32F1xx_HAL_Driver/Src/stm32f1xx_hal_cortex.o
 .debug_line    0x00000000000041eb      0x87d Drivers/STM32F1xx_HAL_Driver/Src/stm32f1xx_hal_gpio.o
 .debug_line    0x0000000000004a68      0xce5 Drivers/STM32F1xx_HAL_Driver/Src/stm32f1xx_hal_pcd.o
 .debug_line    0x000000000000574d      0x6f2 Drivers/STM32F1xx_HAL_Driver/Src/stm32f1xx_hal_pcd_ex.o
 .debug_line    0x0000000000005e3f      0x941 Drivers/STM32F1xx_HAL_Driver/Src/stm32f1xx_hal_rcc.o
 .debug_line    0x0000000000006780      0x75f Drivers/STM32F1xx_HAL_Driver/Src/stm32f1xx_hal_rcc_ex.o
 .debug_line    0x0000000000006edf      0xd1a Drivers/STM32F1xx_HAL_Driver/Src/stm32f1xx_ll_usb.o
 .debug_line    0x0000000000007bf9      0xb5d Middlewares/ST/STM32_USB_Device_Library/Class/CDC/Src/usbd_cdc.o
 .debug_line    0x0000000000008756      0xb98 Middlewares/ST/STM32_USB_Device_Library/Core/Src/usbd_core.o
 .debug_line    0x00000000000092ee      0xc21 Middlewares/ST/STM32_USB_Device_Library/Core/Src/usbd_ctlreq.o
 .debug_line    0x0000000000009f0f      0xa01 Middlewares/ST/STM32_USB_Device_Library/Core/Src/usbd_ioreq.o
 .debug_line    0x000000000000a910      0x9e3 USB_DEVICE/App/usb_device.o
 .debug_line    0x000000000000b2f3      0xa18 USB_DEVICE/App/usbd_cdc_if.o
 .debug_line    0x000000000000bd0b      0xa35 USB_DEVICE/App/usbd_desc.o
 .debug_line    0x000000000000c740      0xc1f USB_DEVICE/Target/usbd_conf.o

.debug_str      0x0000000000000000    0x89c47
 .debug_str     0x0000000000000000    0x8670e Core/Src/main.o
                                      0x86b9d (size before relaxing)
 .debug_str     0x000000000008670e       0x81 Core/Src/stm32f1xx_hal_msp.o
                                      0x81dab (size before relaxing)
 .debug_str     0x000000000008678f      0x3ae Core/Src/stm32f1xx_it.o
                                      0x81dcc (size before relaxing)
 .debug_str     0x0000000000086b3d      0x4e9 Core/Src/sysmem.o
                                       0x5f3c (size before relaxing)
 .debug_str     0x0000000000087026       0x52 Core/Src/system_stm32f1xx.o
                                      0x81a16 (size before relaxing)
 .debug_str     0x0000000000087078       0x36 Core/Startup/startup_stm32f103c8tx.o
                                         0x6c (size before relaxing)
 .debug_str     0x00000000000870ae      0x55e Drivers/STM32F1xx_HAL_Driver/Src/stm32f1xx_hal.o
                                      0x820a7 (size before relaxing)
 .debug_str     0x000000000008760c      0x35e Drivers/STM32F1xx_HAL_Driver/Src/stm32f1xx_hal_adc.o
                                      0x820a6 (size before relaxing)
 .debug_str     0x000000000008796a      0x2d8 Drivers/STM32F1xx_HAL_Driver/Src/stm32f1xx_hal_cortex.o
                                      0x820af (size before relaxing)
 .debug_str     0x0000000000087c42      0x324 Drivers/STM32F1xx_HAL_Driver/Src/stm32f1xx_hal_gpio.o
                                      0x81dda (size before relaxing)
 .debug_str     0x0000000000087f66      0x3e5 Drivers/STM32F1xx_HAL_Driver/Src/stm32f1xx_hal_pcd.o
                                      0x82169 (size before relaxing)
 .debug_str     0x000000000008834b      0x18d Drivers/STM32F1xx_HAL_Driver/Src/stm32f1xx_hal_pcd_ex.o
                                      0x81eb6 (size before relaxing)
 .debug_str     0x00000000000884d8      0x24f Drivers/STM32F1xx_HAL_Driver/Src/stm32f1xx_hal_rcc.o
                                      0x81e13 (size before relaxing)
 .debug_str     0x0000000000088727       0xb9 Drivers/STM32F1xx_HAL_Driver/Src/stm32f1xx_hal_rcc_ex.o
                                      0x81ba0 (size before relaxing)
 .debug_str     0x00000000000887e0      0x2ad Drivers/STM32F1xx_HAL_Driver/Src/stm32f1xx_ll_usb.o
                                      0x81ee9 (size before relaxing)
 .debug_str     0x0000000000088a8d      0x8d9 Middlewares/ST/STM32_USB_Device_Library/Class/CDC/Src/usbd_cdc.o
                                      0x87222 (size before relaxing)
 .debug_str     0x0000000000089366      0x1b5 Middlewares/ST/STM32_USB_Device_Library/Core/Src/usbd_core.o
                                      0x86b1d (size before relaxing)
 .debug_str     0x000000000008951b      0x134 Middlewares/ST/STM32_USB_Device_Library/Core/Src/usbd_ctlreq.o
                                      0x86aa3 (size before relaxing)
 .debug_str     0x000000000008964f       0xc9 Middlewares/ST/STM32_USB_Device_Library/Core/Src/usbd_ioreq.o
                                      0x86a2b (size before relaxing)
 .debug_str     0x0000000000089718      0x118 USB_DEVICE/App/usb_device.o
                                      0x86d92 (size before relaxing)
 .debug_str     0x0000000000089830       0x76 USB_DEVICE/App/usbd_cdc_if.o
                                      0x86dd7 (size before relaxing)
 .debug_str     0x00000000000898a6      0x258 USB_DEVICE/App/usbd_desc.o
                                      0x86996 (size before relaxing)
 .debug_str     0x0000000000089afe      0x149 USB_DEVICE/Target/usbd_conf.o
                                      0x87648 (size before relaxing)

.comment        0x0000000000000000       0x7b
 .comment       0x0000000000000000       0x7b Core/Src/main.o
                                         0x7c (size before relaxing)
 .comment       0x000000000000007b       0x7c Core/Src/stm32f1xx_hal_msp.o
 .comment       0x000000000000007b       0x7c Core/Src/stm32f1xx_it.o
 .comment       0x000000000000007b       0x7c Core/Src/sysmem.o
 .comment       0x000000000000007b       0x7c Core/Src/system_stm32f1xx.o
 .comment       0x000000000000007b       0x7c Drivers/STM32F1xx_HAL_Driver/Src/stm32f1xx_hal.o
 .comment       0x000000000000007b       0x7c Drivers/STM32F1xx_HAL_Driver/Src/stm32f1xx_hal_adc.o
 .comment       0x000000000000007b       0x7c Drivers/STM32F1xx_HAL_Driver/Src/stm32f1xx_hal_cortex.o
 .comment       0x000000000000007b       0x7c Drivers/STM32F1xx_HAL_Driver/Src/stm32f1xx_hal_gpio.o
 .comment       0x000000000000007b       0x7c Drivers/STM32F1xx_HAL_Driver/Src/stm32f1xx_hal_pcd.o
 .comment       0x000000000000007b       0x7c Drivers/STM32F1xx_HAL_Driver/Src/stm32f1xx_hal_pcd_ex.o
 .comment       0x000000000000007b       0x7c Drivers/STM32F1xx_HAL_Driver/Src/stm32f1xx_hal_rcc.o
 .comment       0x000000000000007b       0x7c Drivers/STM32F1xx_HAL_Driver/Src/stm32f1xx_hal_rcc_ex.o
 .comment       0x000000000000007b       0x7c Drivers/STM32F1xx_HAL_Driver/Src/stm32f1xx_ll_usb.o
 .comment       0x000000000000007b       0x7c Middlewares/ST/STM32_USB_Device_Library/Class/CDC/Src/usbd_cdc.o
 .comment       0x000000000000007b       0x7c Middlewares/ST/STM32_USB_Device_Library/Core/Src/usbd_core.o
 .comment       0x000000000000007b       0x7c Middlewares/ST/STM32_USB_Device_Library/Core/Src/usbd_ctlreq.o
 .comment       0x000000000000007b       0x7c Middlewares/ST/STM32_USB_Device_Library/Core/Src/usbd_ioreq.o
 .comment       0x000000000000007b       0x7c USB_DEVICE/App/usb_device.o
 .comment       0x000000000000007b       0x7c USB_DEVICE/App/usbd_cdc_if.o
 .comment       0x000000000000007b       0x7c USB_DEVICE/App/usbd_desc.o
 .comment       0x000000000000007b       0x7c USB_DEVICE/Target/usbd_conf.o

.debug_frame    0x0000000000000000     0x2fbc
 .debug_frame   0x0000000000000000       0xb4 Core/Src/main.o
 .debug_frame   0x00000000000000b4       0x80 Core/Src/stm32f1xx_hal_msp.o
 .debug_frame   0x0000000000000134      0x120 Core/Src/stm32f1xx_it.o
 .debug_frame   0x0000000000000254       0x34 Core/Src/sysmem.o
 .debug_frame   0x0000000000000288       0x58 Core/Src/system_stm32f1xx.o
 .debug_frame   0x00000000000002e0      0x334 Drivers/STM32F1xx_HAL_Driver/Src/stm32f1xx_hal.o